Component: ARM Compiler 5.06 update 7 (build 960) Tool: armlink [4d3601]

==============================================================================

Section Cross References

    startup_stm32f10x_hd.o(RESET) refers to startup_stm32f10x_hd.o(STACK) for __initial_sp
    startup_stm32f10x_hd.o(RESET) refers to startup_stm32f10x_hd.o(.text) for Reset_Handler
    startup_stm32f10x_hd.o(RESET) refers to stm32f10x_it.o(i.NMI_Handler) for NMI_Handler
    startup_stm32f10x_hd.o(RESET) refers to stm32f10x_it.o(i.HardFault_Handler) for HardFault_Handler
    startup_stm32f10x_hd.o(RESET) refers to stm32f10x_it.o(i.MemManage_Handler) for MemManage_Handler
    startup_stm32f10x_hd.o(RESET) refers to stm32f10x_it.o(i.BusFault_Handler) for BusFault_Handler
    startup_stm32f10x_hd.o(RESET) refers to stm32f10x_it.o(i.UsageFault_Handler) for UsageFault_Handler
    startup_stm32f10x_hd.o(RESET) refers to stm32f10x_it.o(i.SVC_Handler) for SVC_Handler
    startup_stm32f10x_hd.o(RESET) refers to stm32f10x_it.o(i.DebugMon_Handler) for DebugMon_Handler
    startup_stm32f10x_hd.o(RESET) refers to los_dispatch.o(KERNEL) for PendSV_Handler
    startup_stm32f10x_hd.o(RESET) refers to los_tick.o(i.SysTick_Handler) for SysTick_Handler
    startup_stm32f10x_hd.o(.text) refers to system_stm32f10x.o(i.SystemInit) for SystemInit
    startup_stm32f10x_hd.o(.text) refers to entry.o(.ARM.Collect$$$$00000000) for __main
    system_stm32f10x.o(i.SetSysClock) refers to system_stm32f10x.o(i.SetSysClockTo72) for SetSysClockTo72
    system_stm32f10x.o(i.SystemCoreClockUpdate) refers to system_stm32f10x.o(.data) for SystemCoreClock
    system_stm32f10x.o(i.SystemInit) refers to system_stm32f10x.o(i.SetSysClock) for SetSysClock
    stm32f10x_adc.o(i.ADC_DeInit) refers to stm32f10x_rcc.o(i.RCC_APB2PeriphResetCmd) for RCC_APB2PeriphResetCmd
    stm32f10x_bkp.o(i.BKP_DeInit) refers to stm32f10x_rcc.o(i.RCC_BackupResetCmd) for RCC_BackupResetCmd
    stm32f10x_can.o(i.CAN_DeInit) refers to stm32f10x_rcc.o(i.RCC_APB1PeriphResetCmd) for RCC_APB1PeriphResetCmd
    stm32f10x_can.o(i.CAN_GetITStatus) refers to stm32f10x_can.o(i.CheckITStatus) for CheckITStatus
    stm32f10x_cec.o(i.CEC_DeInit) refers to stm32f10x_rcc.o(i.RCC_APB1PeriphResetCmd) for RCC_APB1PeriphResetCmd
    stm32f10x_dac.o(i.DAC_DeInit) refers to stm32f10x_rcc.o(i.RCC_APB1PeriphResetCmd) for RCC_APB1PeriphResetCmd
    stm32f10x_flash.o(i.FLASH_EnableWriteProtection) refers to stm32f10x_flash.o(i.FLASH_WaitForLastOperation) for FLASH_WaitForLastOperation
    stm32f10x_flash.o(i.FLASH_EraseAllBank1Pages) refers to stm32f10x_flash.o(i.FLASH_WaitForLastBank1Operation) for FLASH_WaitForLastBank1Operation
    stm32f10x_flash.o(i.FLASH_EraseAllPages) refers to stm32f10x_flash.o(i.FLASH_WaitForLastOperation) for FLASH_WaitForLastOperation
    stm32f10x_flash.o(i.FLASH_EraseOptionBytes) refers to stm32f10x_flash.o(i.FLASH_GetReadOutProtectionStatus) for FLASH_GetReadOutProtectionStatus
    stm32f10x_flash.o(i.FLASH_EraseOptionBytes) refers to stm32f10x_flash.o(i.FLASH_WaitForLastOperation) for FLASH_WaitForLastOperation
    stm32f10x_flash.o(i.FLASH_ErasePage) refers to stm32f10x_flash.o(i.FLASH_WaitForLastOperation) for FLASH_WaitForLastOperation
    stm32f10x_flash.o(i.FLASH_ProgramHalfWord) refers to stm32f10x_flash.o(i.FLASH_WaitForLastOperation) for FLASH_WaitForLastOperation
    stm32f10x_flash.o(i.FLASH_ProgramOptionByteData) refers to stm32f10x_flash.o(i.FLASH_WaitForLastOperation) for FLASH_WaitForLastOperation
    stm32f10x_flash.o(i.FLASH_ProgramWord) refers to stm32f10x_flash.o(i.FLASH_WaitForLastOperation) for FLASH_WaitForLastOperation
    stm32f10x_flash.o(i.FLASH_ReadOutProtection) refers to stm32f10x_flash.o(i.FLASH_WaitForLastOperation) for FLASH_WaitForLastOperation
    stm32f10x_flash.o(i.FLASH_UserOptionByteConfig) refers to stm32f10x_flash.o(i.FLASH_WaitForLastOperation) for FLASH_WaitForLastOperation
    stm32f10x_flash.o(i.FLASH_WaitForLastBank1Operation) refers to stm32f10x_flash.o(i.FLASH_GetBank1Status) for FLASH_GetBank1Status
    stm32f10x_flash.o(i.FLASH_WaitForLastOperation) refers to stm32f10x_flash.o(i.FLASH_GetBank1Status) for FLASH_GetBank1Status
    stm32f10x_gpio.o(i.GPIO_AFIODeInit) refers to stm32f10x_rcc.o(i.RCC_APB2PeriphResetCmd) for RCC_APB2PeriphResetCmd
    stm32f10x_gpio.o(i.GPIO_DeInit) refers to stm32f10x_rcc.o(i.RCC_APB2PeriphResetCmd) for RCC_APB2PeriphResetCmd
    stm32f10x_i2c.o(i.I2C_DeInit) refers to stm32f10x_rcc.o(i.RCC_APB1PeriphResetCmd) for RCC_APB1PeriphResetCmd
    stm32f10x_i2c.o(i.I2C_Init) refers to stm32f10x_rcc.o(i.RCC_GetClocksFreq) for RCC_GetClocksFreq
    stm32f10x_pwr.o(i.PWR_DeInit) refers to stm32f10x_rcc.o(i.RCC_APB1PeriphResetCmd) for RCC_APB1PeriphResetCmd
    stm32f10x_rcc.o(i.RCC_GetClocksFreq) refers to stm32f10x_rcc.o(.data) for APBAHBPrescTable
    stm32f10x_rcc.o(i.RCC_WaitForHSEStartUp) refers to stm32f10x_rcc.o(i.RCC_GetFlagStatus) for RCC_GetFlagStatus
[...]
    Removing stm32f10x_usart.o(i.USART_DeInit), (156 bytes).
    Removing stm32f10x_usart.o(i.USART_GetITStatus), (84 bytes).
    Removing stm32f10x_usart.o(i.USART_HalfDuplexCmd), (24 bytes).
    Removing stm32f10x_usart.o(i.USART_IrDACmd), (24 bytes).
    Removing stm32f10x_usart.o(i.USART_IrDAConfig), (18 bytes).
    Removing stm32f10x_usart.o(i.USART_LINBreakDetectLengthConfig), (18 bytes).
    Removing stm32f10x_usart.o(i.USART_LINCmd), (24 bytes).
    Removing stm32f10x_usart.o(i.USART_OneBitMethodCmd), (24 bytes).
    Removing stm32f10x_usart.o(i.USART_OverSampling8Cmd), (22 bytes).
    Removing stm32f10x_usart.o(i.USART_ReceiveData), (10 bytes).
    Removing stm32f10x_usart.o(i.USART_ReceiverWakeUpCmd), (24 bytes).
    Removing stm32f10x_usart.o(i.USART_SendBreak), (10 bytes).
    Removing stm32f10x_usart.o(i.USART_SetAddress), (18 bytes).
    Removing stm32f10x_usart.o(i.USART_SetGuardTime), (16 bytes).
    Removing stm32f10x_usart.o(i.USART_SetPrescaler), (16 bytes).
    Removing stm32f10x_usart.o(i.USART_SmartCardCmd), (24 bytes).
    Removing stm32f10x_usart.o(i.USART_SmartCardNACKCmd), (24 bytes).
    Removing stm32f10x_usart.o(i.USART_StructInit), (24 bytes).
    Removing stm32f10x_usart.o(i.USART_WakeUpConfig), (18 bytes).
    Removing stm32f10x_wwdg.o(i.WWDG_ClearFlag), (12 bytes).
    Removing stm32f10x_wwdg.o(i.WWDG_DeInit), (22 bytes).
    Removing stm32f10x_wwdg.o(i.WWDG_Enable), (16 bytes).
    Removing stm32f10x_wwdg.o(i.WWDG_EnableIT), (12 bytes).
    Removing stm32f10x_wwdg.o(i.WWDG_GetFlagStatus), (12 bytes).
    Removing stm32f10x_wwdg.o(i.WWDG_SetCounter), (16 bytes).
    Removing stm32f10x_wwdg.o(i.WWDG_SetPrescaler), (24 bytes).
    Removing stm32f10x_wwdg.o(i.WWDG_SetWindowValue), (40 bytes).
    Removing main.o(i.creat_task1), (72 bytes).
    Removing main.o(i.task1), (84 bytes).
    Removing bsp_usart.o(i.Usart_SendArray), (48 bytes).
    Removing bsp_usart.o(i.Usart_SendByte), (30 bytes).
    Removing bsp_usart.o(i.Usart_SendHalfWord), (60 bytes).
    Removing bsp_usart.o(i.Usart_SendString), (42 bytes).
    Removing bsp_usart.o(i.fgetc), (32 bytes).
    Removing delay.o(i.delay_init), (68 bytes).
    Removing delay.o(i.delay_us), (28 bytes).
    Removing delay.o(.data), (4 bytes).
    Removing lcd.o(i.LCD_BGR2RGB), (26 bytes).
    Removing lcd.o(i.LCD_Clear), (108 bytes).
    Removing lcd.o(i.LCD_Color_Fill), (96 bytes).
    Removing lcd.o(i.LCD_DisplayOff), (96 bytes).
    Removing lcd.o(i.LCD_DisplayOn), (96 bytes).
    Removing lcd.o(i.LCD_Display_Dir), (448 bytes).
    Removing lcd.o(i.LCD_DrawLine), (176 bytes).
    Removing lcd.o(i.LCD_DrawPoint), (36 bytes).
    Removing lcd.o(i.LCD_DrawRectangle), (60 bytes).
    Removing lcd.o(i.LCD_Draw_Circle), (152 bytes).
    Removing lcd.o(i.LCD_Fast_DrawPoint), (380 bytes).
    Removing lcd.o(i.LCD_Fill), (188 bytes).
    Removing lcd.o(i.LCD_Init), (13784 bytes).
    Removing lcd.o(i.LCD_Pow), (22 bytes).
    Removing lcd.o(i.LCD_RD_DATA), (20 bytes).
    Removing lcd.o(i.LCD_ReadPoint), (364 bytes).
    Removing lcd.o(i.LCD_ReadReg), (22 bytes).
    Removing lcd.o(i.LCD_SSD_BackLightSet), (84 bytes).
    Removing lcd.o(i.LCD_Scan_Dir), (748 bytes).
    Removing lcd.o(i.LCD_SetCursor), (424 bytes).
    Removing lcd.o(i.LCD_Set_Window), (532 bytes).
    Removing lcd.o(i.LCD_ShowChar), (296 bytes).
    Removing lcd.o(i.LCD_ShowNum), (148 bytes).
    Removing lcd.o(i.LCD_ShowString), (102 bytes).
    Removing lcd.o(i.LCD_ShowxNum), (190 bytes).
    Removing lcd.o(i.LCD_WR_DATA), (12 bytes).
    Removing lcd.o(i.LCD_WR_REG), (12 bytes).
    Removing lcd.o(i.LCD_WriteRAM), (12 bytes).
    Removing lcd.o(i.LCD_WriteRAM_Prepare), (20 bytes).
    Removing lcd.o(i.LCD_WriteReg), (16 bytes).
    Removing lcd.o(i.opt_delay), (14 bytes).
    Removing lcd.o(.bss), (14 bytes).
    Removing lcd.o(.constdata), (6080 bytes).
    Removing lcd.o(.data), (4 bytes).
    Removing sys.o(.emb_text), (6 bytes).
    Removing sys.o(i.INTX_DISABLE), (4 bytes).
    Removing sys.o(i.INTX_ENABLE), (4 bytes).
    Removing sys.o(i.WFI_SET), (4 bytes).
    Removing los_priqueue.o(i.LOS_PriqueueTotalSize), (28 bytes).
    Removing los_swtmr.o(i.LOS_SwtmrCreate), (140 bytes).
    Removing los_swtmr.o(i.LOS_SwtmrDelete), (132 bytes).
    Removing los_swtmr.o(i.LOS_SwtmrStart), (132 bytes).
    Removing los_swtmr.o(i.LOS_SwtmrStop), (128 bytes).
    Removing los_swtmr.o(i.osSwTmrAdjust), (52 bytes).
    Removing los_swtmr.o(i.osSwTmrGetNextTimeout), (24 bytes).
    Removing los_swtmr.o(i.osSwtmrStop), (72 bytes).
    Removing los_sys.o(i.LOS_CyclePerTickGet), (8 bytes).
    Removing los_sys.o(i.LOS_MS2Tick), (40 bytes).
    Removing los_sys.o(i.LOS_Reboot), (8 bytes).
    Removing los_sys.o(i.LOS_Tick2MS), (28 bytes).
    Removing los_sys.o(i.LOS_TickCountGet), (12 bytes).
    Removing los_sys.o(i.get_jiffies_64), (8 bytes).
    Removing los_sys.o(i.jiffies_to_msecs), (12 bytes).
    Removing los_sys.o(i.osCpuTick2MS), (100 bytes).
    Removing los_sys.o(i.osCpuTick2US), (100 bytes).
    Removing los_task.o(i.LOS_CurTaskIDGet), (28 bytes).
    Removing los_task.o(i.LOS_CurTaskPriSet), (28 bytes).
    Removing los_task.o(i.LOS_TaskDelete), (360 bytes).
    Removing los_task.o(i.LOS_TaskPriGet), (84 bytes).
    Removing los_task.o(i.LOS_TaskPriSet), (168 bytes).
    Removing los_task.o(i.LOS_TaskResume), (176 bytes).
    Removing los_task.o(i.LOS_TaskSuspend), (228 bytes).
    Removing los_task.o(i.osTaskPriModify), (56 bytes).
    Removing los_event.o(i.LOS_EventClear), (40 bytes).
    Removing los_event.o(i.LOS_EventDestory), (24 bytes).
    Removing los_event.o(i.LOS_EventInit), (28 bytes).
    Removing los_event.o(i.LOS_EventPoll), (80 bytes).
    Removing los_event.o(i.LOS_EventRead), (348 bytes).
    Removing los_event.o(i.LOS_EventWrite), (248 bytes).
    Removing los_mux.o(i.LOS_ListDelete), (20 bytes).
    Removing los_mux.o(i.LOS_ListEmpty), (16 bytes).
    Removing los_mux.o(i.LOS_MuxCreate), (100 bytes).
    Removing los_mux.o(i.LOS_MuxDelete), (104 bytes).
    Removing los_mux.o(i.LOS_MuxPend), (328 bytes).
    Removing los_mux.o(i.LOS_MuxPost), (256 bytes).
    Removing los_queue.o(i.LOS_QueueDelete), (176 bytes).
    Removing los_queue.o(i.osQueueMailAlloc), (168 bytes).
    Removing los_queue.o(i.osQueueMailFree), (152 bytes).
    Removing los_sem.o(i.LOS_SemCreate), (108 bytes).
    Removing los_sem.o(i.LOS_SemDelete), (96 bytes).
    Removing los_sem.o(i.LOS_SemPend), (256 bytes).
    Removing los_membox.o(i.LOS_MemboxClr), (28 bytes).
    Removing los_memory.o(i.LOS_MemRealloc), (346 bytes).
    Removing los_memstat.o(i.osTaskMemUsage), (24 bytes).
    Removing los_misc.o(i.LOS_Msleep), (48 bytes).
    Removing los_config.o(i.osBackTrace), (2 bytes).
    Removing los_config.o(i.osEnableFPU), (20 bytes).
    Removing los_hw_tick.o(i.LOS_GetCpuCycle), (116 bytes).
    Removing los_hwi.o(i.LOS_HwiCreate), (164 bytes).
    Removing los_hwi.o(i.LOS_HwiDelete), (76 bytes).
    Removing los_hwi.o(i.osHwiInit), (48 bytes).
    Removing dmul.o(.text), (228 bytes).
    Removing ddiv.o(.text), (222 bytes).
    Removing dfltui.o(.text), (26 bytes).
    Removing dfltul.o(.text), (24 bytes).
    Removing dfixui.o(.text), (50 bytes).
    Removing dfixul.o(.text), (48 bytes).
    Removing depilogue.o(.text), (186 bytes).
    Removing dadd.o(.text), (334 bytes).
    Removing cdrcmple.o(.text), (48 bytes).

573 unused section(s) (total 50854 bytes) removed from the image.

==============================================================================

Image Symbol Table

    Local Symbols

    Symbol Name                              Value     Ov Type        Size  Object(Section)

    ../clib/../cmprslib/zerorunl2.c          0x00000000   Number         0  __dczerorl2.o ABSOLUTE
    ../clib/microlib/division.c              0x00000000   Number         0  uidiv.o ABSOLUTE
    ../clib/microlib/division.c              0x00000000   Number         0  uldiv.o ABSOLUTE
    ../clib/microlib/init/entry.s            0x00000000   Number         0  entry5.o ABSOLUTE
    ../clib/microlib/init/entry.s            0x00000000   Number         0  entry9b.o ABSOLUTE
    ../clib/microlib/init/entry.s            0x00000000   Number         0  entry9a.o ABSOLUTE
    ../clib/microlib/init/entry.s            0x00000000   Number         0  entry.o ABSOLUTE
    ../clib/microlib/init/entry.s            0x00000000   Number         0  entry10b.o ABSOLUTE
    ../clib/microlib/init/entry.s            0x00000000   Number         0  entry3.o ABSOLUTE
    ../clib/microlib/init/entry.s            0x00000000   Number         0  entry7a.o ABSOLUTE
    ../clib/microlib/init/entry.s            0x00000000   Number         0  entry7b.o ABSOLUTE
    ../clib/microlib/init/entry.s            0x00000000   Number         0  entry8b.o ABSOLUTE
    ../clib/microlib/init/entry.s            0x00000000   Number         0  entry8a.o ABSOLUTE
    ../clib/microlib/init/entry.s            0x00000000   Number         0  entry10a.o ABSOLUTE
    ../clib/microlib/init/entry.s            0x00000000   Number         0  entry11a.o ABSOLUTE
    ../clib/microlib/init/entry.s            0x00000000   Number         0  entry12b.o ABSOLUTE
    ../clib/microlib/init/entry.s            0x00000000   Number         0  entry11b.o ABSOLUTE
    ../clib/microlib/init/entry.s            0x00000000   Number         0  entry12a.o ABSOLUTE
    ../clib/microlib/longlong.c              0x00000000   Number         0  llshl.o ABSOLUTE
    ../clib/microlib/longlong.c              0x00000000   Number         0  llsshr.o ABSOLUTE
    ../clib/microlib/longlong.c              0x00000000   Number         0  llushr.o ABSOLUTE
    ../clib/microlib/printf/printf.c         0x00000000   Number         0  printf4.o ABSOLUTE
    ../clib/microlib/printf/printf.c         0x00000000   Number         0  printf3.o ABSOLUTE
    ../clib/microlib/printf/printf.c         0x00000000   Number         0  printf1.o ABSOLUTE
    ../clib/microlib/printf/printf.c         0x00000000   Number         0  printf0.o ABSOLUTE
    ../clib/microlib/printf/printf.c         0x00000000   Number         0  printfb.o ABSOLUTE
    ../clib/microlib/printf/printf.c         0x00000000   Number         0  printf2.o ABSOLUTE
    ../clib/microlib/printf/printf.c         0x00000000   Number         0  printf5.o ABSOLUTE
    ../clib/microlib/printf/printf.c         0x00000000   Number         0  printfa.o ABSOLUTE
    ../clib/microlib/printf/printf.c         0x00000000   Number         0  printf8.o ABSOLUTE
    ../clib/microlib/printf/printf.c         0x00000000   Number         0  printf7.o ABSOLUTE
    ../clib/microlib/printf/printf.c         0x00000000   Number         0  printf6.o ABSOLUTE
    ../clib/microlib/printf/stubs.s          0x00000000   Number         0  stubs.o ABSOLUTE
    ../clib/microlib/stdio/streams.c         0x00000000   Number         0  stdout.o ABSOLUTE
    ../clib/microlib/string/memcpy.c         0x00000000   Number         0  memcpya.o ABSOLUTE
    ../clib/microlib/string/memcpy.c         0x00000000   Number         0  memcpyb.o ABSOLUTE
    ../clib/microlib/string/memset.c         0x00000000   Number         0  memseta.o ABSOLUTE
    ../clib/microlib/stubs.s                 0x00000000   Number         0  iusefp.o ABSOLUTE
    ../fplib/microlib/fpadd.c                0x00000000   Number         0  dadd.o ABSOLUTE
    ../fplib/microlib/fpdiv.c                0x00000000   Number         0  ddiv.o ABSOLUTE
    ../fplib/microlib/fpepilogue.c           0x00000000   Number         0  depilogue.o ABSOLUTE
    ../fplib/microlib/fpfix.c                0x00000000   Number         0  dfixul.o ABSOLUTE
    ../fplib/microlib/fpfix.c                0x00000000   Number         0  dfixui.o ABSOLUTE
    ../fplib/microlib/fpflt.c                0x00000000   Number         0  dfltul.o ABSOLUTE
    ../fplib/microlib/fpflt.c                0x00000000   Number         0  dfltui.o ABSOLUTE
    ../fplib/microlib/fpmul.c                0x00000000   Number         0  dmul.o ABSOLUTE
    ..\Huawei_LiteOS\kernel\base\core\los_priqueue.c 0x00000000   Number         0  los_priqueue.o ABSOLUTE
    ..\Huawei_LiteOS\kernel\base\core\los_swtmr.c 0x00000000   Number         0  los_swtmr.o ABSOLUTE
    ..\Huawei_LiteOS\kernel\base\core\los_sys.c 0x00000000   Number         0  los_sys.o ABSOLUTE
    ..\Huawei_LiteOS\kernel\base\core\los_task.c 0x00000000   Number         0  los_task.o ABSOLUTE
    ..\Huawei_LiteOS\kernel\base\core\los_tick.c 0x00000000   Number         0  los_tick.o ABSOLUTE
    ..\Huawei_LiteOS\kernel\base\core\los_timeslice.c 0x00000000   Number         0  los_timeslice.o ABSOLUTE
    ..\Huawei_LiteOS\kernel\base\ipc\los_event.c 0x00000000   Number         0  los_event.o ABSOLUTE
    ..\Huawei_LiteOS\kernel\base\ipc\los_mux.c 0x00000000   Number         0  los_mux.o ABSOLUTE
    ..\Huawei_LiteOS\kernel\base\ipc\los_queue.c 0x00000000   Number         0  los_queue.o ABSOLUTE
    ..\Huawei_LiteOS\kernel\base\ipc\los_sem.c 0x00000000   Number         0  los_sem.o ABSOLUTE
    ..\Huawei_LiteOS\kernel\base\mem\los_membox.c 0x00000000   Number         0  los_membox.o ABSOLUTE
    ..\Huawei_LiteOS\kernel\base\mem\los_memory.c 0x00000000   Number         0  los_memory.o ABSOLUTE
    ..\Huawei_LiteOS\kernel\base\mem\los_memstat.c 0x00000000   Number         0  los_memstat.o ABSOLUTE
    ..\Huawei_LiteOS\kernel\base\mem\los_multipledlinkhead.c 0x00000000   Number         0  los_multipledlinkhead.o ABSOLUTE
    ..\Huawei_LiteOS\kernel\base\misc\los_misc.c 0x00000000   Number         0  los_misc.o ABSOLUTE
    ..\Huawei_LiteOS\platform\bsp\sample\config\los_config.c 0x00000000   Number         0  los_config.o ABSOLUTE
    ..\Huawei_LiteOS\platform\cpu\arm\cortex-m4\los_dispatch.s 0x00000000   Number         0  los_dispatch.o ABSOLUTE
    ..\Huawei_LiteOS\platform\cpu\arm\cortex-m4\los_hw.c 0x00000000   Number         0  los_hw.o ABSOLUTE
    ..\Huawei_LiteOS\platform\cpu\arm\cortex-m4\los_hw_tick.c 0x00000000   Number         0  los_hw_tick.o ABSOLUTE
    ..\Huawei_LiteOS\platform\cpu\arm\cortex-m4\los_hwi.c 0x00000000   Number         0  los_hwi.o ABSOLUTE
    ..\Libraries\CMSIS\core_cm3.c            0x00000000   Number         0  core_cm3.o ABSOLUTE
    ..\Libraries\CMSIS\startup\startup_stm32f10x_hd.s 0x00000000   Number         0  startup_stm32f10x_hd.o ABSOLUTE
    ..\Libraries\CMSIS\system_stm32f10x.c    0x00000000   Number         0  system_stm32f10x.o ABSOLUTE
    ..\Libraries\FWlib\src\misc.c            0x00000000   Number         0  misc.o ABSOLUTE
    ..\Libraries\FWlib\src\stm32f10x_adc.c   0x00000000   Number         0  stm32f10x_adc.o ABSOLUTE
    ..\Libraries\FWlib\src\stm32f10x_bkp.c   0x00000000   Number         0  stm32f10x_bkp.o ABSOLUTE
    ..\Libraries\FWlib\src\stm32f10x_can.c   0x00000000   Number         0  stm32f10x_can.o ABSOLUTE
    ..\Libraries\FWlib\src\stm32f10x_cec.c   0x00000000   Number         0  stm32f10x_cec.o ABSOLUTE
    ..\Libraries\FWlib\src\stm32f10x_crc.c   0x00000000   Number         0  stm32f10x_crc.o ABSOLUTE
    ..\Libraries\FWlib\src\stm32f10x_dac.c   0x00000000   Number         0  stm32f10x_dac.o ABSOLUTE
    ..\Libraries\FWlib\src\stm32f10x_dbgmcu.c 0x00000000   Number         0  stm32f10x_dbgmcu.o ABSOLUTE
    ..\Libraries\FWlib\src\stm32f10x_dma.c   0x00000000   Number         0  stm32f10x_dma.o ABSOLUTE
    ..\Libraries\FWlib\src\stm32f10x_exti.c  0x00000000   Number         0  stm32f10x_exti.o ABSOLUTE
    ..\Libraries\FWlib\src\stm32f10x_flash.c 0x00000000   Number         0  stm32f10x_flash.o ABSOLUTE
    ..\Libraries\FWlib\src\stm32f10x_fsmc.c  0x00000000   Number         0  stm32f10x_fsmc.o ABSOLUTE
    ..\Libraries\FWlib\src\stm32f10x_gpio.c  0x00000000   Number         0  stm32f10x_gpio.o ABSOLUTE
    ..\Libraries\FWlib\src\stm32f10x_i2c.c   0x00000000   Number         0  stm32f10x_i2c.o ABSOLUTE
    ..\Libraries\FWlib\src\stm32f10x_iwdg.c  0x00000000   Number         0  stm32f10x_iwdg.o ABSOLUTE
    ..\Libraries\FWlib\src\stm32f10x_pwr.c   0x00000000   Number         0  stm32f10x_pwr.o ABSOLUTE
    ..\Libraries\FWlib\src\stm32f10x_rcc.c   0x00000000   Number         0  stm32f10x_rcc.o ABSOLUTE
    ..\Libraries\FWlib\src\stm32f10x_rtc.c   0x00000000   Number         0  stm32f10x_rtc.o ABSOLUTE
    ..\Libraries\FWlib\src\stm32f10x_sdio.c  0x00000000   Number         0  stm32f10x_sdio.o ABSOLUTE
    ..\Libraries\FWlib\src\stm32f10x_spi.c   0x00000000   Number         0  stm32f10x_spi.o ABSOLUTE
    ..\Libraries\FWlib\src\stm32f10x_tim.c   0x00000000   Number         0  stm32f10x_tim.o ABSOLUTE
    ..\Libraries\FWlib\src\stm32f10x_usart.c 0x00000000   Number         0  stm32f10x_usart.o ABSOLUTE
    ..\Libraries\FWlib\src\stm32f10x_wwdg.c  0x00000000   Number         0  stm32f10x_wwdg.o ABSOLUTE
    ..\User\LCD\lcd.c                        0x00000000   Number         0  lcd.o ABSOLUTE
    ..\User\delay\delay.c                    0x00000000   Number         0  delay.o ABSOLUTE
    ..\User\key\key.c                        0x00000000   Number         0  key.o ABSOLUTE
    ..\User\led\bsp_led.c                    0x00000000   Number         0  bsp_led.o ABSOLUTE
    ..\User\main.c                           0x00000000   Number         0  main.o ABSOLUTE
    ..\User\stm32f10x_it.c                   0x00000000   Number         0  stm32f10x_it.o ABSOLUTE
    ..\User\sys\sys.c                        0x00000000   Number         0  sys.o ABSOLUTE
    ..\User\usart\bsp_usart.c                0x00000000   Number         0  bsp_usart.o ABSOLUTE
    ..\\Huawei_LiteOS\\platform\\cpu\\arm\\cortex-m4\\los_hwi.c 0x00000000   Number         0  los_hwi.o ABSOLUTE
    ..\\Libraries\\CMSIS\\core_cm3.c         0x00000000   Number         0  core_cm3.o ABSOLUTE
    ..\\User\\sys\\sys.c                     0x00000000   Number         0  sys.o ABSOLUTE
    cdrcmple.s                               0x00000000   Number         0  cdrcmple.o ABSOLUTE
    dc.s                                     0x00000000   Number         0  dc.o ABSOLUTE
    handlers.s                               0x00000000   Number         0  handlers.o ABSOLUTE
    init.s                                   0x00000000   Number         0  init.o ABSOLUTE
    RESET                                    0x08000000   Section      304  startup_stm32f10x_hd.o(RESET)
    .ARM.Collect$$$$00000000                 0x08000130   Section        0  entry.o(.ARM.Collect$$$$00000000)
    .ARM.Collect$$$$00000002                 0x08000130   Section        4  entry3.o(.ARM.Collect$$$$00000002)
    .ARM.Collect$$$$00000004                 0x08000134   Section        4  entry5.o(.ARM.Collect$$$$00000004)
    .ARM.Collect$$$$00000008                 0x08000138   Section        0  entry7b.o(.ARM.Collect$$$$00000008)
    .ARM.Collect$$$$0000000A                 0x08000138   Section        0  entry8b.o(.ARM.Collect$$$$0000000A)
    .ARM.Collect$$$$0000000B                 0x08000138   Section        8  entry9a.o(.ARM.Collect$$$$0000000B)
    .ARM.Collect$$$$0000000E                 0x08000140   Section        4  entry12b.o(.ARM.Collect$$$$0000000E)
    .ARM.Collect$$$$0000000F                 0x08000144   Section        0  entry10a.o(.ARM.Collect$$$$0000000F)
    .ARM.Collect$$$$00000011                 0x08000144   Section        0  entry11a.o(.ARM.Collect$$$$00000011)
    .ARM.Collect$$$$00002713                 0x08000144   Section        4  entry3.o(.ARM.Collect$$$$00002713)
    __lit__00000000                          0x08000144   Data           4  entry3.o(.ARM.Collect$$$$00002713)
    .emb_text                                0x08000148   Section        6  los_hwi.o(.emb_text)
    .text                                    0x08000150   Section       36  startup_stm32f10x_hd.o(.text)
    .text                                    0x08000174   Section       92  los_dispatch.o(.text)
    .text                                    0x080001d0   Section        0  memseta.o(.text)
    .text                                    0x080001f4   Section        0  uidiv.o(.text)
    .text                                    0x08000220   Section       36  init.o(.text)
    .text                                    0x08000244   Section        0  __dczerorl2.o(.text)
    KERNEL                                   0x0800029c   Section      128  los_dispatch.o(KERNEL)
    i.BusFault_Handler                       0x0800031c   Section        0  stm32f10x_it.o(i.BusFault_Handler)
    i.DebugMon_Handler                       0x08000320   Section        0  stm32f10x_it.o(i.DebugMon_Handler)
    i.Delay                                  0x08000322   Section        0  main.o(i.Delay)
    i.GPIO_Init                              0x08000334   Section        0  stm32f10x_gpio.o(i.GPIO_Init)
    i.GPIO_ReadInputDataBit                  0x0800044a   Section        0  stm32f10x_gpio.o(i.GPIO_ReadInputDataBit)
    i.GPIO_SetBits                           0x0800045c   Section        0  stm32f10x_gpio.o(i.GPIO_SetBits)
    i.HardFault_Handler                      0x08000460   Section        0  stm32f10x_it.o(i.HardFault_Handler)
    i.KEY_Init                               0x08000464   Section        0  key.o(i.KEY_Init)
    i.KEY_Scan                               0x080004a0   Section        0  key.o(i.KEY_Scan)
    i.LED_GPIO_Config                        0x08000568   Section        0  bsp_led.o(i.LED_GPIO_Config)
    i.LOS_Align                              0x080005b0   Section        0  los_misc.o(i.LOS_Align)
    i.LOS_DLnkInitMultiHead                  0x080005cc   Section        0  los_multipledlinkhead.o(i.LOS_DLnkInitMultiHead)
    i.LOS_DLnkMultiHead                      0x080005ea   Section        0  los_multipledlinkhead.o(i.LOS_DLnkMultiHead)
    i.LOS_ListAdd                            0x08000614   Section        0  los_task.o(i.LOS_ListAdd)
    LOS_ListAdd                              0x08000615   Thumb Code    14  los_task.o(i.LOS_ListAdd)
    i.LOS_ListAdd                            0x08000622   Section        0  los_mux.o(i.LOS_ListAdd)
    LOS_ListAdd                              0x08000623   Thumb Code    14  los_mux.o(i.LOS_ListAdd)
    i.LOS_ListAdd                            0x08000630   Section        0  los_queue.o(i.LOS_ListAdd)
    LOS_ListAdd                              0x08000631   Thumb Code    14  los_queue.o(i.LOS_ListAdd)
    i.LOS_ListAdd                            0x0800063e   Section        0  los_sem.o(i.LOS_ListAdd)
    LOS_ListAdd                              0x0800063f   Thumb Code    14  los_sem.o(i.LOS_ListAdd)
    i.LOS_ListAdd                            0x0800064c   Section        0  los_memory.o(i.LOS_ListAdd)
    LOS_ListAdd                              0x0800064d   Thumb Code    14  los_memory.o(i.LOS_ListAdd)
    i.LOS_ListDelete                         0x0800065a   Section        0  los_task.o(i.LOS_ListDelete)
    LOS_ListDelete                           0x0800065b   Thumb Code    20  los_task.o(i.LOS_ListDelete)
    i.LOS_ListDelete                         0x0800066e   Section        0  los_sem.o(i.LOS_ListDelete)
    LOS_ListDelete                           0x0800066f   Thumb Code    20  los_sem.o(i.LOS_ListDelete)
    i.LOS_ListDelete                         0x08000682   Section        0  los_memory.o(i.LOS_ListDelete)
    LOS_ListDelete                           0x08000683   Thumb Code    20  los_memory.o(i.LOS_ListDelete)
    i.LOS_ListEmpty                          0x08000696   Section        0  los_task.o(i.LOS_ListEmpty)
    LOS_ListEmpty                            0x08000697   Thumb Code    16  los_task.o(i.LOS_ListEmpty)
    i.LOS_ListEmpty                          0x080006a6   Section        0  los_queue.o(i.LOS_ListEmpty)
    LOS_ListEmpty                            0x080006a7   Thumb Code    16  los_queue.o(i.LOS_ListEmpty)
    i.LOS_ListEmpty                          0x080006b6   Section        0  los_sem.o(i.LOS_ListEmpty)
    LOS_ListEmpty                            0x080006b7   Thumb Code    16  los_sem.o(i.LOS_ListEmpty)
    i.LOS_ListInit                           0x080006c6   Section        0  los_task.o(i.LOS_ListInit)
    LOS_ListInit                             0x080006c7   Thumb Code     6  los_task.o(i.LOS_ListInit)
    i.LOS_ListInit                           0x080006cc   Section        0  los_mux.o(i.LOS_ListInit)
    LOS_ListInit                             0x080006cd   Thumb Code     6  los_mux.o(i.LOS_ListInit)
    i.LOS_ListInit                           0x080006d2   Section        0  los_queue.o(i.LOS_ListInit)
    LOS_ListInit                             0x080006d3   Thumb Code     6  los_queue.o(i.LOS_ListInit)
    i.LOS_ListInit                           0x080006d8   Section        0  los_sem.o(i.LOS_ListInit)
    LOS_ListInit                             0x080006d9   Thumb Code     6  los_sem.o(i.LOS_ListInit)
    i.LOS_ListTailInsert                     0x080006de   Section        0  los_task.o(i.LOS_ListTailInsert)
    LOS_ListTailInsert                       0x080006df   Thumb Code    16  los_task.o(i.LOS_ListTailInsert)
    i.LOS_ListTailInsert                     0x080006ee   Section        0  los_mux.o(i.LOS_ListTailInsert)
    LOS_ListTailInsert                       0x080006ef   Thumb Code    16  los_mux.o(i.LOS_ListTailInsert)
    i.LOS_ListTailInsert                     0x080006fe   Section        0  los_sem.o(i.LOS_ListTailInsert)
    LOS_ListTailInsert                       0x080006ff   Thumb Code    16  los_sem.o(i.LOS_ListTailInsert)
    i.LOS_Log2                               0x08000710   Section        0  los_multipledlinkhead.o(i.LOS_Log2)
    LOS_Log2                                 0x08000711   Thumb Code   320  los_multipledlinkhead.o(i.LOS_Log2)
    i.LOS_MemAlloc                           0x08000854   Section        0  los_memory.o(i.LOS_MemAlloc)
    i.LOS_MemAllocAlign                      0x0800088e   Section        0  los_memory.o(i.LOS_MemAllocAlign)
    i.LOS_MemFree                            0x080008fa   Section        0  los_memory.o(i.LOS_MemFree)
    i.LOS_MemInit                            0x0800094e   Section        0  los_memory.o(i.LOS_MemInit)
    i.LOS_MemboxAlloc                        0x080009f4   Section        0  los_membox.o(i.LOS_MemboxAlloc)
    i.LOS_MemboxFree                         0x08000a34   Section        0  los_membox.o(i.LOS_MemboxFree)
    i.LOS_MemboxInit                         0x08000ad8   Section        0  los_membox.o(i.LOS_MemboxInit)
    i.LOS_PriqueueDequeue                    0x08000b58   Section        0  los_priqueue.o(i.LOS_PriqueueDequeue)
    i.LOS_PriqueueEnqueue                    0x08000b70   Section        0  los_priqueue.o(i.LOS_PriqueueEnqueue)
    i.LOS_PriqueueSize                       0x08000b94   Section        0  los_priqueue.o(i.LOS_PriqueueSize)
    i.LOS_PriqueueTop                        0x08000bbc   Section        0  los_priqueue.o(i.LOS_PriqueueTop)
    i.LOS_QueueCreate                        0x08000bf8   Section        0  los_queue.o(i.LOS_QueueCreate)
    i.LOS_QueueRead                          0x08000c74   Section        0  los_queue.o(i.LOS_QueueRead)
    i.LOS_QueueWrite                         0x08000da4   Section        0  los_queue.o(i.LOS_QueueWrite)
    i.LOS_Schedule                           0x08000ee0   Section        0  los_hw.o(i.LOS_Schedule)
    i.LOS_SemPost                            0x08000f20   Section        0  los_sem.o(i.LOS_SemPost)
    i.LOS_Start                              0x08000fd8   Section        0  los_config.o(i.LOS_Start)
    i.LOS_TaskCreate                         0x08000ff0   Section        0  los_task.o(i.LOS_TaskCreate)
    i.LOS_TaskCreateOnly                     0x0800108c   Section        0  los_task.o(i.LOS_TaskCreateOnly)
    i.LOS_TaskDelay                          0x08001210   Section        0  los_task.o(i.LOS_TaskDelay)
    i.LOS_TaskLock                           0x08001290   Section        0  los_task.o(i.LOS_TaskLock)
    i.LOS_TaskUnlock                         0x080012b0   Section        0  los_task.o(i.LOS_TaskUnlock)
    i.LOS_TaskYield                          0x080012ec   Section        0  los_task.o(i.LOS_TaskYield)
    i.MemManage_Handler                      0x08001370   Section        0  stm32f10x_it.o(i.MemManage_Handler)
    i.NMI_Handler                            0x08001374   Section        0  stm32f10x_it.o(i.NMI_Handler)
    i.NVIC_Configuration                     0x08001376   Section        0  bsp_usart.o(i.NVIC_Configuration)
    NVIC_Configuration                       0x08001377   Thumb Code    38  bsp_usart.o(i.NVIC_Configuration)
    i.NVIC_Init                              0x0800139c   Section        0  misc.o(i.NVIC_Init)
    i.NVIC_PriorityGroupConfig               0x0800140c   Section        0  misc.o(i.NVIC_PriorityGroupConfig)
    i.QueueRead                              0x08001420   Section        0  main.o(i.QueueRead)
    i.QueueRead_task                         0x08001484   Section        0  main.o(i.QueueRead_task)
    i.QueueWrite                             0x080014ec   Section        0  main.o(i.QueueWrite)
    i.QueueWrite_task                        0x08001578   Section        0  main.o(i.QueueWrite_task)
    i.RCC_APB1PeriphClockCmd                 0x080015e0   Section        0  stm32f10x_rcc.o(i.RCC_APB1PeriphClockCmd)
    i.RCC_APB2PeriphClockCmd                 0x08001600   Section        0  stm32f10x_rcc.o(i.RCC_APB2PeriphClockCmd)
    i.RCC_GetClocksFreq                      0x08001620   Section        0  stm32f10x_rcc.o(i.RCC_GetClocksFreq)
    i.SVC_Handler                            0x080016f4   Section        0  stm32f10x_it.o(i.SVC_Handler)
    i.SetSysClock                            0x080016f6   Section        0  system_stm32f10x.o(i.SetSysClock)
    SetSysClock                              0x080016f7   Thumb Code     8  system_stm32f10x.o(i.SetSysClock)
    i.SetSysClockTo72                        0x08001700   Section        0  system_stm32f10x.o(i.SetSysClockTo72)
    SetSysClockTo72                          0x08001701   Thumb Code   214  system_stm32f10x.o(i.SetSysClockTo72)
    i.SysTick_Handler                        0x080017e0   Section        0  los_tick.o(i.SysTick_Handler)
    i.SystemInit                             0x08001808   Section        0  system_stm32f10x.o(i.SystemInit)
    i.USART_Cmd                              0x08001868   Section        0  stm32f10x_usart.o(i.USART_Cmd)
    i.USART_Config                           0x08001880   Section        0  bsp_usart.o(i.USART_Config)
    i.USART_GetFlagStatus                    0x0800190c   Section        0  stm32f10x_usart.o(i.USART_GetFlagStatus)
    i.USART_ITConfig                         0x08001926   Section        0  stm32f10x_usart.o(i.USART_ITConfig)
    i.USART_Init                             0x08001970   Section        0  stm32f10x_usart.o(i.USART_Init)
    i.USART_SendData                         0x08001a48   Section        0  stm32f10x_usart.o(i.USART_SendData)
    i.UsageFault_Handler                     0x08001a50   Section        0  stm32f10x_it.o(i.UsageFault_Handler)
    i.__0printf$1                            0x08001a54   Section        0  printf1.o(i.__0printf$1)
    i.__scatterload_copy                     0x08001a74   Section       14  handlers.o(i.__scatterload_copy)
    i.__scatterload_null                     0x08001a82   Section        2  handlers.o(i.__scatterload_null)
    i.__scatterload_zeroinit                 0x08001a84   Section       14  handlers.o(i.__scatterload_zeroinit)
    i._printf_core                           0x08001a94   Section        0  printf1.o(i._printf_core)
    _printf_core                             0x08001a95   Thumb Code   336  printf1.o(i._printf_core)
    i.delay_ms                               0x08001be8   Section        0  delay.o(i.delay_ms)
    i.fputc                                  0x08001c08   Section        0  bsp_usart.o(i.fputc)
    i.hardware_init                          0x08001c2c   Section        0  main.o(i.hardware_init)
    i.main                                   0x08001c3c   Section        0  los_config.o(i.main)
    i.osAppInit                              0x08001c58   Section        0  main.o(i.osAppInit)
    i.osHwiDefaultHandler                    0x08001ce4   Section        0  los_hwi.o(i.osHwiDefaultHandler)
    i.osIdleTask                             0x08001cec   Section        0  los_task.o(i.osIdleTask)
    i.osIdleTaskCreate                       0x08001cf0   Section        0  los_task.o(i.osIdleTaskCreate)
    i.osInterrupt                            0x08001d3c   Section        0  los_hwi.o(i.osInterrupt)
    i.osMain                                 0x08001d8c   Section        0  los_config.o(i.osMain)
    i.osMemAllocWithCheck                    0x08001dee   Section        0  los_memory.o(i.osMemAllocWithCheck)
    osMemAllocWithCheck                      0x08001def   Thumb Code    92  los_memory.o(i.osMemAllocWithCheck)
    i.osMemCheckUsedNode                     0x08001e4a   Section        0  los_memory.o(i.osMemCheckUsedNode)
    osMemCheckUsedNode                       0x08001e4b   Thumb Code   152  los_memory.o(i.osMemCheckUsedNode)
    i.osMemFindSuitableFreeBlock             0x08001ee2   Section        0  los_memory.o(i.osMemFindSuitableFreeBlock)
    osMemFindSuitableFreeBlock               0x08001ee3   Thumb Code    80  los_memory.o(i.osMemFindSuitableFreeBlock)
    i.osMemFreeNode                          0x08001f32   Section        0  los_memory.o(i.osMemFreeNode)
    osMemFreeNode                            0x08001f33   Thumb Code   178  los_memory.o(i.osMemFreeNode)
    i.osMemIsNodeValid                       0x08001fe4   Section        0  los_memory.o(i.osMemIsNodeValid)
    osMemIsNodeValid                         0x08001fe5   Thumb Code    62  los_memory.o(i.osMemIsNodeValid)
    i.osMemMergeNode                         0x08002022   Section        0  los_memory.o(i.osMemMergeNode)
    osMemMergeNode                           0x08002023   Thumb Code    36  los_memory.o(i.osMemMergeNode)
    i.osMemSetMagicNumAndTaskid              0x08002048   Section        0  los_memory.o(i.osMemSetMagicNumAndTaskid)
    osMemSetMagicNumAndTaskid                0x08002049   Thumb Code    28  los_memory.o(i.osMemSetMagicNumAndTaskid)
    i.osMemSpitNode                          0x08002068   Section        0  los_memory.o(i.osMemSpitNode)
    osMemSpitNode                            0x08002069   Thumb Code    92  los_memory.o(i.osMemSpitNode)
    i.osMemSystemInit                        0x080020c4   Section        0  los_memory.o(i.osMemSystemInit)
    i.osMuxInit                              0x080020e8   Section        0  los_mux.o(i.osMuxInit)
    i.osPriqueueInit                         0x08002144   Section        0  los_priqueue.o(i.osPriqueueInit)
    i.osQueueCreate                          0x0800218c   Section        0  los_queue.o(i.osQueueCreate)
    i.osQueueInit                            0x080021fc   Section        0  los_queue.o(i.osQueueInit)
    i.osQueuePend                            0x08002234   Section        0  los_queue.o(i.osQueuePend)
    osQueuePend                              0x08002235   Thumb Code   132  los_queue.o(i.osQueuePend)
    i.osQueueWakeUp                          0x080022b8   Section        0  los_queue.o(i.osQueueWakeUp)
    osQueueWakeUp                            0x080022b9   Thumb Code    90  los_queue.o(i.osQueueWakeUp)
    i.osRegister                             0x08002314   Section        0  los_config.o(i.osRegister)
    i.osSchedule                             0x08002330   Section        0  los_hw.o(i.osSchedule)
    i.osSemInit                              0x08002338   Section        0  los_sem.o(i.osSemInit)
    i.osSwTmrInit                            0x08002390   Section        0  los_swtmr.o(i.osSwTmrInit)
    i.osSwTmrStart                           0x0800243c   Section        0  los_swtmr.o(i.osSwTmrStart)
    i.osSwTmrTask                            0x0800249c   Section        0  los_swtmr.o(i.osSwTmrTask)
    i.osSwTmrTaskCreate                      0x080024ec   Section        0  los_swtmr.o(i.osSwTmrTaskCreate)
    i.osSwTmrTimeoutHandle                   0x08002534   Section        0  los_swtmr.o(i.osSwTmrTimeoutHandle)
    osSwTmrTimeoutHandle                     0x08002535   Thumb Code   128  los_swtmr.o(i.osSwTmrTimeoutHandle)
    i.osSwtmrDelete                          0x080025c0   Section        0  los_swtmr.o(i.osSwtmrDelete)
    osSwtmrDelete                            0x080025c1   Thumb Code    16  los_swtmr.o(i.osSwtmrDelete)
    i.osSwtmrScan                            0x080025d4   Section        0  los_swtmr.o(i.osSwtmrScan)
    i.osTaskAdd2TimerList                    0x080025f8   Section        0  los_task.o(i.osTaskAdd2TimerList)
    i.osTaskEntry                            0x080026b8   Section        0  los_task.o(i.osTaskEntry)
    i.osTaskExit                             0x0800275c   Section        0  los_hw.o(i.osTaskExit)
    i.osTaskInit                             0x08002764   Section        0  los_task.o(i.osTaskInit)
    i.osTaskMemUsedDec                       0x0800288c   Section        0  los_memstat.o(i.osTaskMemUsedDec)
    i.osTaskMemUsedInc                       0x080028c0   Section        0  los_memstat.o(i.osTaskMemUsedInc)
    i.osTaskScan                             0x080028fc   Section        0  los_task.o(i.osTaskScan)
    i.osTaskSelfDelete                       0x080029d8   Section        0  los_task.o(i.osTaskSelfDelete)
    i.osTickStart                            0x08002ad4   Section        0  los_hw_tick.o(i.osTickStart)
    i.osTimerListDelete                      0x08002b2c   Section        0  los_task.o(i.osTimerListDelete)
    i.osTimesliceCheck                       0x08002b74   Section        0  los_timeslice.o(i.osTimesliceCheck)
    i.osTimesliceInit                        0x08002bc0   Section        0  los_timeslice.o(i.osTimesliceInit)
    i.osTskStackInit                         0x08002bd0   Section        0  los_hw.o(i.osTskStackInit)
    .vector.bss                              0x20000000   Section     1024  los_hwi.o(.vector.bss)
    .data                                    0x20000600   Section       20  stm32f10x_rcc.o(.data)
    APBAHBPrescTable                         0x20000600   Data          16  stm32f10x_rcc.o(.data)
    ADCPrescTable                            0x20000610   Data           4  stm32f10x_rcc.o(.data)
    .data                                    0x20000614   Section       16  main.o(.data)
    .data                                    0x20000624   Section        1  key.o(.data)
    key_up                                   0x20000624   Data           1  key.o(.data)
    .data                                    0x20000628   Section        4  los_priqueue.o(.data)
    .data                                    0x2000062c   Section       16  los_swtmr.o(.data)
    .data                                    0x2000063c   Section       68  los_task.o(.data)
    .data                                    0x20000680   Section       16  los_tick.o(.data)
    .data                                    0x20000690   Section        8  los_timeslice.o(.data)
    .data                                    0x20000698   Section       12  los_mux.o(.data)
    .data                                    0x200006a4   Section        4  los_queue.o(.data)
    .data                                    0x200006a8   Section       12  los_sem.o(.data)
    .data                                    0x200006b4   Section        8  los_config.o(.data)
    .data                                    0x200006bc   Section        4  los_hw_tick.o(.data)
    .data                                    0x200006c0   Section        4  los_hwi.o(.data)
    .data                                    0x200006c4   Section        4  stdout.o(.data)
    .bss                                     0x200006c8   Section      208  los_swtmr.o(.bss)
    .bss                                     0x20000798   Section    32768  los_memory.o(.bss)
    .bss                                     0x20008798   Section       64  los_memstat.o(.bss)
    .bss                                     0x200087d8   Section     1024  los_hwi.o(.bss)
    STACK                                    0x20008bd8   Section     1024  startup_stm32f10x_hd.o(STACK)

    Global Symbols

    Symbol Name                              Value     Ov Type        Size  Object(Section)

    BuildAttributes$$THM_ISAv4$P$D$K$B$S$PE$A:L22UL41UL21$X:L11$S22US41US21$IEEE1$IW$USESV6$~STKCKD$USESV7$~SHL$OSPACE$ROPI$EBA8$MICROLIB$REQ8$PRES8$EABIv2 0x00000000   Number         0  anon$$obj.o ABSOLUTE
    __ARM_use_no_argv                        0x00000000   Number         0  los_config.o ABSOLUTE
    _printf_a                                0x00000000   Number         0  stubs.o ABSOLUTE
    _printf_c                                0x00000000   Number         0  stubs.o ABSOLUTE
    _printf_charcount                        0x00000000   Number         0  stubs.o ABSOLUTE
    _printf_d                                0x00000000   Number         0  stubs.o ABSOLUTE
    _printf_e                                0x00000000   Number         0  stubs.o ABSOLUTE
    _printf_f                                0x00000000   Number         0  stubs.o ABSOLUTE
    _printf_flags                            0x00000000   Number         0  stubs.o ABSOLUTE
    _printf_fp_dec                           0x00000000   Number         0  stubs.o ABSOLUTE
    _printf_fp_hex                           0x00000000   Number         0  stubs.o ABSOLUTE
    _printf_g                                0x00000000   Number         0  stubs.o ABSOLUTE
    _printf_i                                0x00000000   Number         0  stubs.o ABSOLUTE
    _printf_int_dec                          0x00000000   Number         0  stubs.o ABSOLUTE
    _printf_l                                0x00000000   Number         0  stubs.o ABSOLUTE
    _printf_lc                               0x00000000   Number         0  stubs.o ABSOLUTE
    _printf_ll                               0x00000000   Number         0  stubs.o ABSOLUTE
    _printf_lld                              0x00000000   Number         0  stubs.o ABSOLUTE
    _printf_lli                              0x00000000   Number         0  stubs.o ABSOLUTE
    _printf_llo                              0x00000000   Number         0  stubs.o ABSOLUTE
    _printf_llu                              0x00000000   Number         0  stubs.o ABSOLUTE
    _printf_llx                              0x00000000   Number         0  stubs.o ABSOLUTE
    _printf_longlong_dec                     0x00000000   Number         0  stubs.o ABSOLUTE
    _printf_longlong_hex                     0x00000000   Number         0  stubs.o ABSOLUTE
    _printf_longlong_oct                     0x00000000   Number         0  stubs.o ABSOLUTE
    _printf_ls                               0x00000000   Number         0  stubs.o ABSOLUTE
    _printf_mbtowc                           0x00000000   Number         0  stubs.o ABSOLUTE
    _printf_n                                0x00000000   Number         0  stubs.o ABSOLUTE
    _printf_o                                0x00000000   Number         0  stubs.o ABSOLUTE
    _printf_p                                0x00000000   Number         0  stubs.o ABSOLUTE
    _printf_percent                          0x00000000   Number         0  stubs.o ABSOLUTE
    _printf_pre_padding                      0x00000000   Number         0  stubs.o ABSOLUTE
    _printf_return_value                     0x00000000   Number         0  stubs.o ABSOLUTE
    _printf_s                                0x00000000   Number         0  stubs.o ABSOLUTE
    _printf_sizespec                         0x00000000   Number         0  stubs.o ABSOLUTE
    _printf_str                              0x00000000   Number         0  stubs.o ABSOLUTE
    _printf_truncate_signed                  0x00000000   Number         0  stubs.o ABSOLUTE
    _printf_truncate_unsigned                0x00000000   Number         0  stubs.o ABSOLUTE
    _printf_u                                0x00000000   Number         0  stubs.o ABSOLUTE
    _printf_wc                               0x00000000   Number         0  stubs.o ABSOLUTE
    _printf_wctomb                           0x00000000   Number         0  stubs.o ABSOLUTE
    _printf_widthprec                        0x00000000   Number         0  stubs.o ABSOLUTE
    _printf_x                                0x00000000   Number         0  stubs.o ABSOLUTE
    __arm_fini_                               - Undefined Weak Reference
    __cpp_initialize__aeabi_                  - Undefined Weak Reference
    __cxa_finalize                            - Undefined Weak Reference
    _clock_init                               - Undefined Weak Reference
    _microlib_exit                            - Undefined Weak Reference
    __Vectors_Size                           0x00000130   Number         0  startup_stm32f10x_hd.o ABSOLUTE
    __Vectors                                0x08000000   Data           4  startup_stm32f10x_hd.o(RESET)
    __Vectors_End                            0x08000130   Data           0  startup_stm32f10x_hd.o(RESET)
    __main                                   0x08000131   Thumb Code     0  entry.o(.ARM.Collect$$$$00000000)
    _main_stk                                0x08000131   Thumb Code     0  entry3.o(.ARM.Collect$$$$00000002)
    _main_scatterload                        0x08000135   Thumb Code     0  entry5.o(.ARM.Collect$$$$00000004)
    __main_after_scatterload                 0x08000139   Thumb Code     0  entry5.o(.ARM.Collect$$$$00000004)
    _main_clock                              0x08000139   Thumb Code     0  entry7b.o(.ARM.Collect$$$$00000008)
    _main_cpp_init                           0x08000139   Thumb Code     0  entry8b.o(.ARM.Collect$$$$0000000A)
    _main_init                               0x08000139   Thumb Code     0  entry9a.o(.ARM.Collect$$$$0000000B)
    __rt_lib_shutdown_fini                   0x08000141   Thumb Code     0  entry12b.o(.ARM.Collect$$$$0000000E)
    __rt_final_cpp                           0x08000145   Thumb Code     0  entry10a.o(.ARM.Collect$$$$0000000F)
    __rt_final_exit                          0x08000145   Thumb Code     0  entry11a.o(.ARM.Collect$$$$00000011)
    osIntNumGet                              0x08000149   Thumb Code     6  los_hwi.o(.emb_text)
    Reset_Handler                            0x08000151   Thumb Code     8  startup_stm32f10x_hd.o(.text)
    ADC1_2_IRQHandler                        0x0800016b   Thumb Code     0  startup_stm32f10x_hd.o(.text)
    ADC3_IRQHandler                          0x0800016b   Thumb Code     0  startup_stm32f10x_hd.o(.text)
    CAN1_RX1_IRQHandler                      0x0800016b   Thumb Code     0  startup_stm32f10x_hd.o(.text)
    CAN1_SCE_IRQHandler                      0x0800016b   Thumb Code     0  startup_stm32f10x_hd.o(.text)
    DMA1_Channel1_IRQHandler                 0x0800016b   Thumb Code     0  startup_stm32f10x_hd.o(.text)
    DMA1_Channel2_IRQHandler                 0x0800016b   Thumb Code     0  startup_stm32f10x_hd.o(.text)
    DMA1_Channel3_IRQHandler                 0x0800016b   Thumb Code     0  startup_stm32f10x_hd.o(.text)
    DMA1_Channel4_IRQHandler                 0x0800016b   Thumb Code     0  startup_stm32f10x_hd.o(.text)
    DMA1_Channel5_IRQHandler                 0x0800016b   Thumb Code     0  startup_stm32f10x_hd.o(.text)
    DMA1_Channel6_IRQHandler                 0x0800016b   Thumb Code     0  startup_stm32f10x_hd.o(.text)
    DMA1_Channel7_IRQHandler                 0x0800016b   Thumb Code     0  startup_stm32f10x_hd.o(.text)
    DMA2_Channel1_IRQHandler                 0x0800016b   Thumb Code     0  startup_stm32f10x_hd.o(.text)
    DMA2_Channel2_IRQHandler                 0x0800016b   Thumb Code     0  startup_stm32f10x_hd.o(.text)
    DMA2_Channel3_IRQHandler                 0x0800016b   Thumb Code     0  startup_stm32f10x_hd.o(.text)
    DMA2_Channel4_5_IRQHandler               0x0800016b   Thumb Code     0  startup_stm32f10x_hd.o(.text)
    EXTI0_IRQHandler                         0x0800016b   Thumb Code     0  startup_stm32f10x_hd.o(.text)
    EXTI15_10_IRQHandler                     0x0800016b   Thumb Code     0  startup_stm32f10x_hd.o(.text)
    EXTI1_IRQHandler                         0x0800016b   Thumb Code     0  startup_stm32f10x_hd.o(.text)
    EXTI2_IRQHandler                         0x0800016b   Thumb Code     0  startup_stm32f10x_hd.o(.text)
    EXTI3_IRQHandler                         0x0800016b   Thumb Code     0  startup_stm32f10x_hd.o(.text)
    EXTI4_IRQHandler                         0x0800016b   Thumb Code     0  startup_stm32f10x_hd.o(.text)
    EXTI9_5_IRQHandler                       0x0800016b   Thumb Code     0  startup_stm32f10x_hd.o(.text)
    FLASH_IRQHandler                         0x0800016b   Thumb Code     0  startup_stm32f10x_hd.o(.text)
    FSMC_IRQHandler                          0x0800016b   Thumb Code     0  startup_stm32f10x_hd.o(.text)
    I2C1_ER_IRQHandler                       0x0800016b   Thumb Code     0  startup_stm32f10x_hd.o(.text)
    I2C1_EV_IRQHandler                       0x0800016b   Thumb Code     0  startup_stm32f10x_hd.o(.text)
    I2C2_ER_IRQHandler                       0x0800016b   Thumb Code     0  startup_stm32f10x_hd.o(.text)
    I2C2_EV_IRQHandler                       0x0800016b   Thumb Code     0  startup_stm32f10x_hd.o(.text)
    PVD_IRQHandler                           0x0800016b   Thumb Code     0  startup_stm32f10x_hd.o(.text)
    RCC_IRQHandler                           0x0800016b   Thumb Code     0  startup_stm32f10x_hd.o(.text)
    RTCAlarm_IRQHandler                      0x0800016b   Thumb Code     0  startup_stm32f10x_hd.o(.text)
    RTC_IRQHandler                           0x0800016b   Thumb Code     0  startup_stm32f10x_hd.o(.text)
    SDIO_IRQHandler                          0x0800016b   Thumb Code     0  startup_stm32f10x_hd.o(.text)
    SPI1_IRQHandler                          0x0800016b   Thumb Code     0  startup_stm32f10x_hd.o(.text)
    SPI2_IRQHandler                          0x0800016b   Thumb Code     0  startup_stm32f10x_hd.o(.text)
    SPI3_IRQHandler                          0x0800016b   Thumb Code     0  startup_stm32f10x_hd.o(.text)
    TAMPER_IRQHandler                        0x0800016b   Thumb Code     0  startup_stm32f10x_hd.o(.text)
    TIM1_BRK_IRQHandler                      0x0800016b   Thumb Code     0  startup_stm32f10x_hd.o(.text)
    TIM1_CC_IRQHandler                       0x0800016b   Thumb Code     0  startup_stm32f10x_hd.o(.text)
    TIM1_TRG_COM_IRQHandler                  0x0800016b   Thumb Code     0  startup_stm32f10x_hd.o(.text)
    TIM1_UP_IRQHandler                       0x0800016b   Thumb Code     0  startup_stm32f10x_hd.o(.text)
    TIM2_IRQHandler                          0x0800016b   Thumb Code     0  startup_stm32f10x_hd.o(.text)
    TIM3_IRQHandler                          0x0800016b   Thumb Code     0  startup_stm32f10x_hd.o(.text)
    TIM4_IRQHandler                          0x0800016b   Thumb Code     0  startup_stm32f10x_hd.o(.text)
    TIM5_IRQHandler                          0x0800016b   Thumb Code     0  startup_stm32f10x_hd.o(.text)
    TIM6_IRQHandler                          0x0800016b   Thumb Code     0  startup_stm32f10x_hd.o(.text)
    TIM7_IRQHandler                          0x0800016b   Thumb Code     0  startup_stm32f10x_hd.o(.text)
    TIM8_BRK_IRQHandler                      0x0800016b   Thumb Code     0  startup_stm32f10x_hd.o(.text)
    TIM8_CC_IRQHandler                       0x0800016b   Thumb Code     0  startup_stm32f10x_hd.o(.text)
    TIM8_TRG_COM_IRQHandler                  0x0800016b   Thumb Code     0  startup_stm32f10x_hd.o(.text)
    TIM8_UP_IRQHandler                       0x0800016b   Thumb Code     0  startup_stm32f10x_hd.o(.text)
    UART4_IRQHandler                         0x0800016b   Thumb Code     0  startup_stm32f10x_hd.o(.text)
    UART5_IRQHandler                         0x0800016b   Thumb Code     0  startup_stm32f10x_hd.o(.text)
    USART1_IRQHandler                        0x0800016b   Thumb Code     0  startup_stm32f10x_hd.o(.text)
    USART2_IRQHandler                        0x0800016b   Thumb Code     0  startup_stm32f10x_hd.o(.text)
    USART3_IRQHandler                        0x0800016b   Thumb Code     0  startup_stm32f10x_hd.o(.text)
    USBWakeUp_IRQHandler                     0x0800016b   Thumb Code     0  startup_stm32f10x_hd.o(.text)
    USB_HP_CAN1_TX_IRQHandler                0x0800016b   Thumb Code     0  startup_stm32f10x_hd.o(.text)
    USB_LP_CAN1_RX0_IRQHandler               0x0800016b   Thumb Code     0  startup_stm32f10x_hd.o(.text)
    WWDG_IRQHandler                          0x0800016b   Thumb Code     0  startup_stm32f10x_hd.o(.text)
    LOS_StartToRun                           0x08000175   Thumb Code     0  los_dispatch.o(.text)
    __aeabi_memset                           0x080001d1   Thumb Code    14  memseta.o(.text)
    __aeabi_memset4                          0x080001d1   Thumb Code     0  memseta.o(.text)
    __aeabi_memset8                          0x080001d1   Thumb Code     0  memseta.o(.text)
    __aeabi_memclr                           0x080001df   Thumb Code     4  memseta.o(.text)
    __aeabi_memclr4                          0x080001df   Thumb Code     0  memseta.o(.text)
    __aeabi_memclr8                          0x080001df   Thumb Code     0  memseta.o(.text)
    _memset$wrapper                          0x080001e3   Thumb Code    18  memseta.o(.text)
    __aeabi_uidiv                            0x080001f5   Thumb Code     0  uidiv.o(.text)
    __aeabi_uidivmod                         0x080001f5   Thumb Code    44  uidiv.o(.text)
    __scatterload                            0x08000221   Thumb Code    28  init.o(.text)
    __scatterload_rt2                        0x08000221   Thumb Code     0  init.o(.text)
    __decompress                             0x08000245   Thumb Code     0  __dczerorl2.o(.text)
    __decompress1                            0x08000245   Thumb Code    86  __dczerorl2.o(.text)
    LOS_IntLock                              0x0800029d   Thumb Code     0  los_dispatch.o(KERNEL)
    LOS_IntUnLock                            0x080002a5   Thumb Code     0  los_dispatch.o(KERNEL)
    LOS_IntRestore                           0x080002ad   Thumb Code     0  los_dispatch.o(KERNEL)
    osTaskSchedule                           0x080002b3   Thumb Code     0  los_dispatch.o(KERNEL)
    PendSV_Handler                           0x080002bd   Thumb Code     0  los_dispatch.o(KERNEL)
    BusFault_Handler                         0x0800031d   Thumb Code     4  stm32f10x_it.o(i.BusFault_Handler)
    DebugMon_Handler                         0x08000321   Thumb Code     2  stm32f10x_it.o(i.DebugMon_Handler)
    Delay                                    0x08000323   Thumb Code    18  main.o(i.Delay)
    GPIO_Init                                0x08000335   Thumb Code   278  stm32f10x_gpio.o(i.GPIO_Init)
    GPIO_ReadInputDataBit                    0x0800044b   Thumb Code    18  stm32f10x_gpio.o(i.GPIO_ReadInputDataBit)
    GPIO_SetBits                             0x0800045d   Thumb Code     4  stm32f10x_gpio.o(i.GPIO_SetBits)
    HardFault_Handler                        0x08000461   Thumb Code     4  stm32f10x_it.o(i.HardFault_Handler)
    KEY_Init                                 0x08000465   Thumb Code    52  key.o(i.KEY_Init)
    KEY_Scan                                 0x080004a1   Thumb Code   188  key.o(i.KEY_Scan)
    LED_GPIO_Config                          0x08000569   Thumb Code    68  bsp_led.o(i.LED_GPIO_Config)
    LOS_Align                                0x080005b1   Thumb Code    28  los_misc.o(i.LOS_Align)
    LOS_DLnkInitMultiHead                    0x080005cd   Thumb Code    30  los_multipledlinkhead.o(i.LOS_DLnkInitMultiHead)
    LOS_DLnkMultiHead                        0x080005eb   Thumb Code    42  los_multipledlinkhead.o(i.LOS_DLnkMultiHead)
    LOS_MemAlloc                             0x08000855   Thumb Code    58  los_memory.o(i.LOS_MemAlloc)
    LOS_MemAllocAlign                        0x0800088f   Thumb Code   108  los_memory.o(i.LOS_MemAllocAlign)
    LOS_MemFree                              0x080008fb   Thumb Code    84  los_memory.o(i.LOS_MemFree)
    LOS_MemInit                              0x0800094f   Thumb Code   166  los_memory.o(i.LOS_MemInit)
    LOS_MemboxAlloc                          0x080009f5   Thumb Code    60  los_membox.o(i.LOS_MemboxAlloc)
    LOS_MemboxFree                           0x08000a35   Thumb Code   158  los_membox.o(i.LOS_MemboxFree)
    LOS_MemboxInit                           0x08000ad9   Thumb Code   128  los_membox.o(i.LOS_MemboxInit)
    LOS_PriqueueDequeue                      0x08000b59   Thumb Code    24  los_priqueue.o(i.LOS_PriqueueDequeue)
    LOS_PriqueueEnqueue                      0x08000b71   Thumb Code    32  los_priqueue.o(i.LOS_PriqueueEnqueue)
    LOS_PriqueueSize                         0x08000b95   Thumb Code    36  los_priqueue.o(i.LOS_PriqueueSize)
    LOS_PriqueueTop                          0x08000bbd   Thumb Code    54  los_priqueue.o(i.LOS_PriqueueTop)
    LOS_QueueCreate                          0x08000bf9   Thumb Code   118  los_queue.o(i.LOS_QueueCreate)
    LOS_QueueRead                            0x08000c75   Thumb Code   282  los_queue.o(i.LOS_QueueRead)
    LOS_QueueWrite                           0x08000da5   Thumb Code   296  los_queue.o(i.LOS_QueueWrite)
    LOS_Schedule                             0x08000ee1   Thumb Code    56  los_hw.o(i.LOS_Schedule)
    LOS_SemPost                              0x08000f21   Thumb Code   176  los_sem.o(i.LOS_SemPost)
    LOS_Start                                0x08000fd9   Thumb Code    22  los_config.o(i.LOS_Start)
    LOS_TaskCreate                           0x08000ff1   Thumb Code   140  los_task.o(i.LOS_TaskCreate)
    LOS_TaskCreateOnly                       0x0800108d   Thumb Code   368  los_task.o(i.LOS_TaskCreateOnly)
    LOS_TaskDelay                            0x08001211   Thumb Code   106  los_task.o(i.LOS_TaskDelay)
    LOS_TaskLock                             0x08001291   Thumb Code    26  los_task.o(i.LOS_TaskLock)
    LOS_TaskUnlock                           0x080012b1   Thumb Code    54  los_task.o(i.LOS_TaskUnlock)
    LOS_TaskYield                            0x080012ed   Thumb Code   118  los_task.o(i.LOS_TaskYield)
    MemManage_Handler                        0x08001371   Thumb Code     4  stm32f10x_it.o(i.MemManage_Handler)
    NMI_Handler                              0x08001375   Thumb Code     2  stm32f10x_it.o(i.NMI_Handler)
    NVIC_Init                                0x0800139d   Thumb Code   100  misc.o(i.NVIC_Init)
    NVIC_PriorityGroupConfig                 0x0800140d   Thumb Code    10  misc.o(i.NVIC_PriorityGroupConfig)
    QueueRead                                0x08001421   Thumb Code    52  main.o(i.QueueRead)
    QueueRead_task                           0x08001485   Thumb Code    58  main.o(i.QueueRead_task)
    QueueWrite                               0x080014ed   Thumb Code    86  main.o(i.QueueWrite)
    QueueWrite_task                          0x08001579   Thumb Code    58  main.o(i.QueueWrite_task)
    RCC_APB1PeriphClockCmd                   0x080015e1   Thumb Code    26  stm32f10x_rcc.o(i.RCC_APB1PeriphClockCmd)
    RCC_APB2PeriphClockCmd                   0x08001601   Thumb Code    26  stm32f10x_rcc.o(i.RCC_APB2PeriphClockCmd)
    RCC_GetClocksFreq                        0x08001621   Thumb Code   192  stm32f10x_rcc.o(i.RCC_GetClocksFreq)
    SVC_Handler                              0x080016f5   Thumb Code     2  stm32f10x_it.o(i.SVC_Handler)
    SysTick_Handler                          0x080017e1   Thumb Code    34  los_tick.o(i.SysTick_Handler)
    SystemInit                               0x08001809   Thumb Code    78  system_stm32f10x.o(i.SystemInit)
    USART_Cmd                                0x08001869   Thumb Code    24  stm32f10x_usart.o(i.USART_Cmd)
    USART_Config                             0x08001881   Thumb Code   132  bsp_usart.o(i.USART_Config)
    USART_GetFlagStatus                      0x0800190d   Thumb Code    26  stm32f10x_usart.o(i.USART_GetFlagStatus)
    USART_ITConfig                           0x08001927   Thumb Code    74  stm32f10x_usart.o(i.USART_ITConfig)
    USART_Init                               0x08001971   Thumb Code   210  stm32f10x_usart.o(i.USART_Init)
    USART_SendData                           0x08001a49   Thumb Code     8  stm32f10x_usart.o(i.USART_SendData)
    UsageFault_Handler                       0x08001a51   Thumb Code     4  stm32f10x_it.o(i.UsageFault_Handler)
    __0printf$1                              0x08001a55   Thumb Code    22  printf1.o(i.__0printf$1)
    __1printf$1                              0x08001a55   Thumb Code     0  printf1.o(i.__0printf$1)
    __2printf                                0x08001a55   Thumb Code     0  printf1.o(i.__0printf$1)
    __scatterload_copy                       0x08001a75   Thumb Code    14  handlers.o(i.__scatterload_copy)
    __scatterload_null                       0x08001a83   Thumb Code     2  handlers.o(i.__scatterload_null)
    __scatterload_zeroinit                   0x08001a85   Thumb Code    14  handlers.o(i.__scatterload_zeroinit)
    delay_ms                                 0x08001be9   Thumb Code    32  delay.o(i.delay_ms)
    fputc                                    0x08001c09   Thumb Code    32  bsp_usart.o(i.fputc)
    hardware_init                            0x08001c2d   Thumb Code    16  main.o(i.hardware_init)
    main                                     0x08001c3d   Thumb Code    26  los_config.o(i.main)
    osAppInit                                0x08001c59   Thumb Code    80  main.o(i.osAppInit)
    osHwiDefaultHandler                      0x08001ce5   Thumb Code     8  los_hwi.o(i.osHwiDefaultHandler)
    osIdleTask                               0x08001ced   Thumb Code     4  los_task.o(i.osIdleTask)
    osIdleTaskCreate                         0x08001cf1   Thumb Code    54  los_task.o(i.osIdleTaskCreate)
    osInterrupt                              0x08001d3d   Thumb Code    70  los_hwi.o(i.osInterrupt)
    osMain                                   0x08001d8d   Thumb Code    98  los_config.o(i.osMain)
    osMemSystemInit                          0x080020c5   Thumb Code    26  los_memory.o(i.osMemSystemInit)
    osMuxInit                                0x080020e9   Thumb Code    74  los_mux.o(i.osMuxInit)
    osPriqueueInit                           0x08002145   Thumb Code    64  los_priqueue.o(i.osPriqueueInit)
    osQueueCreate                            0x0800218d   Thumb Code   100  los_queue.o(i.osQueueCreate)
    osQueueInit                              0x080021fd   Thumb Code    44  los_queue.o(i.osQueueInit)
    osRegister                               0x08002315   Thumb Code    14  los_config.o(i.osRegister)
    osSchedule                               0x08002331   Thumb Code     8  los_hw.o(i.osSchedule)
    osSemInit                                0x08002339   Thumb Code    70  los_sem.o(i.osSemInit)
    osSwTmrInit                              0x08002391   Thumb Code   142  los_swtmr.o(i.osSwTmrInit)
    osSwTmrStart                             0x0800243d   Thumb Code    92  los_swtmr.o(i.osSwTmrStart)
    osSwTmrTask                              0x0800249d   Thumb Code    70  los_swtmr.o(i.osSwTmrTask)
    osSwTmrTaskCreate                        0x080024ed   Thumb Code    52  los_swtmr.o(i.osSwTmrTaskCreate)
    osSwtmrScan                              0x080025d5   Thumb Code    32  los_swtmr.o(i.osSwtmrScan)
    osTaskAdd2TimerList                      0x080025f9   Thumb Code   188  los_task.o(i.osTaskAdd2TimerList)
    osTaskEntry                              0x080026b9   Thumb Code   154  los_task.o(i.osTaskEntry)
    osTaskExit                               0x0800275d   Thumb Code     6  los_hw.o(i.osTaskExit)
    osTaskInit                               0x08002765   Thumb Code   258  los_task.o(i.osTaskInit)
    osTaskMemUsedDec                         0x0800288d   Thumb Code    40  los_memstat.o(i.osTaskMemUsedDec)
    osTaskMemUsedInc                         0x080028c1   Thumb Code    48  los_memstat.o(i.osTaskMemUsedInc)
    osTaskScan                               0x080028fd   Thumb Code   214  los_task.o(i.osTaskScan)
    osTaskSelfDelete                         0x080029d9   Thumb Code   236  los_task.o(i.osTaskSelfDelete)
    osTickStart                              0x08002ad5   Thumb Code    56  los_hw_tick.o(i.osTickStart)
    osTimerListDelete                        0x08002b2d   Thumb Code    66  los_task.o(i.osTimerListDelete)
    osTimesliceCheck                         0x08002b75   Thumb Code    64  los_timeslice.o(i.osTimesliceCheck)
    osTimesliceInit                          0x08002bc1   Thumb Code    12  los_timeslice.o(i.osTimesliceInit)
    osTskStackInit                           0x08002bd1   Thumb Code   128  los_hw.o(i.osTskStackInit)
    Region$$Table$$Base                      0x08002c58   Number         0  anon$$obj.o(Region$$Table)
    Region$$Table$$Limit                     0x08002c88   Number         0  anon$$obj.o(Region$$Table)
    m_pstHwiForm                             0x20000000   Data        1024  los_hwi.o(.vector.bss)
    Image$$ARM_LIB_STACKHEAP$$ZI$$Limit      0x20000600   Number         0  anon$$obj.o ABSOLUTE
    handle_queue                             0x20000614   Data           4  main.o(.data)
    g_TestTskHandle                          0x20000618   Data           4  main.o(.data)
    g_QueueWriteTskHandle                    0x2000061c   Data           4  main.o(.data)
    g_QueueReadTskHandle                     0x20000620   Data           4  main.o(.data)
    g_pstLosPriorityQueueList                0x20000628   Data           4  los_priqueue.o(.data)
    m_uwSwTmrHandlerQueue                    0x2000062c   Data           4  los_swtmr.o(.data)
    m_pstSwtmrCBArray                        0x20000630   Data           4  los_swtmr.o(.data)
    m_pstSwtmrFreeList                       0x20000634   Data           4  los_swtmr.o(.data)
    m_pstSwtmrSortList                       0x20000638   Data           4  los_swtmr.o(.data)
    g_pstTaskCBArray                         0x2000063c   Data           4  los_task.o(.data)
    g_stLosTask                              0x20000640   Data           8  los_task.o(.data)
    g_usLosTaskLock                          0x20000648   Data           2  los_task.o(.data)
    g_uwTskMaxNum                            0x2000064c   Data           4  los_task.o(.data)
    g_uwIdleTaskID                           0x20000650   Data           4  los_task.o(.data)
    g_uwSwtmrTaskID                          0x20000654   Data           4  los_task.o(.data)
    g_stTaskTimerList                        0x20000658   Data           8  los_task.o(.data)
    g_stLosFreeTask                          0x20000660   Data           8  los_task.o(.data)
    g_stTskRecyleList                        0x20000668   Data           8  los_task.o(.data)
    g_stTskSortLink                          0x20000670   Data           8  los_task.o(.data)
    g_bTaskScheduled                         0x20000678   Data           4  los_task.o(.data)
    g_pfnTskSwitchHook                       0x2000067c   Data           4  los_task.o(.data)
    g_ullTickCount                           0x20000680   Data           8  los_tick.o(.data)
    g_uwTicksPerSec                          0x20000688   Data           4  los_tick.o(.data)
    g_uwCyclePerSec                          0x2000068c   Data           4  los_tick.o(.data)
    g_stTaskTimeSlice                        0x20000690   Data           8  los_timeslice.o(.data)
    g_pstAllMux                              0x20000698   Data           4  los_mux.o(.data)
    g_stUnusedMuxList                        0x2000069c   Data           8  los_mux.o(.data)
    g_pstAllQueue                            0x200006a4   Data           4  los_queue.o(.data)
    g_stUnusedSemList                        0x200006a8   Data           8  los_sem.o(.data)
    g_pstAllSem                              0x200006b0   Data           4  los_sem.o(.data)
    m_aucSysMem0                             0x200006b4   Data           4  los_config.o(.data)
    g_sys_mem_addr_end                       0x200006b8   Data           4  los_config.o(.data)
    g_uwCyclesPerTick                        0x200006bc   Data           4  los_hw_tick.o(.data)
    g_vuwIntCount                            0x200006c0   Data           4  los_hwi.o(.data)
    __stdout                                 0x200006c4   Data           4  stdout.o(.data)
    m_aucSwTmrHandlerPool                    0x200006c8   Data         208  los_swtmr.o(.bss)
    g_ucMemStart                             0x20000798   Data       32768  los_memory.o(.bss)
    g_TskMemUsedInfo                         0x20008798   Data          64  los_memstat.o(.bss)
    m_pstHwiSlaveForm                        0x200087d8   Data        1024  los_hwi.o(.bss)
    __initial_sp                             0x20008fd8   Data           0  startup_stm32f10x_hd.o(STACK)



==============================================================================

Memory Map of the image

  Image Entry point : 0x08000131

  Load Region LR_IROM1 (Base: 0x08000000, Size: 0x00003150, Max: 0x00080000, ABSOLUTE, COMPRESSED[0x00002d6c])

    Execution Region ER_IROM1 (Exec base: 0x08000000, Load base: 0x08000000, Size: 0x00002c88, Max: 0x00080000, ABSOLUTE)

    Exec Addr    Load Addr    Size         Type   Attr      Idx    E Section Name        Object

    0x08000000   0x08000000   0x00000130   Data   RO            4    RESET               startup_stm32f10x_hd.o
    0x08000130   0x08000130   0x00000000   Code   RO         4896  * .ARM.Collect$$$$00000000  mc_w.l(entry.o)
    0x08000130   0x08000130   0x00000004   Code   RO         5180    .ARM.Collect$$$$00000002  mc_w.l(entry3.o)
    0x08000134   0x08000134   0x00000004   Code   RO         5183    .ARM.Collect$$$$00000004  mc_w.l(entry5.o)
    0x08000138   0x08000138   0x00000000   Code   RO         5185    .ARM.Collect$$$$00000008  mc_w.l(entry7b.o)
    0x08000138   0x08000138   0x00000000   Code   RO         5187    .ARM.Collect$$$$0000000A  mc_w.l(entry8b.o)
    0x08000138   0x08000138   0x00000008   Code   RO         5188    .ARM.Collect$$$$0000000B  mc_w.l(entry9a.o)
    0x08000140   0x08000140   0x00000004   Code   RO         5195    .ARM.Collect$$$$0000000E  mc_w.l(entry12b.o)
    0x08000144   0x08000144   0x00000000   Code   RO         5190    .ARM.Collect$$$$0000000F  mc_w.l(entry10a.o)
    0x08000144   0x08000144   0x00000000   Code   RO         5192    .ARM.Collect$$$$00000011  mc_w.l(entry11a.o)
    0x08000144   0x08000144   0x00000004   Code   RO         5181    .ARM.Collect$$$$00002713  mc_w.l(entry3.o)
    0x08000148   0x08000148   0x00000006   Code   RO         4841    .emb_text           los_hwi.o
    0x0800014e   0x0800014e   0x00000002   PAD
    0x08000150   0x08000150   0x00000024   Code   RO            5    .text               startup_stm32f10x_hd.o
    0x08000174   0x08000174   0x0000005c   Code   RO         4890    .text               los_dispatch.o
    0x080001d0   0x080001d0   0x00000024   Code   RO         4903    .text               mc_w.l(memseta.o)
    0x080001f4   0x080001f4   0x0000002c   Code   RO         5197    .text               mc_w.l(uidiv.o)
    0x08000220   0x08000220   0x00000024   Code   RO         5210    .text               mc_w.l(init.o)
    0x08000244   0x08000244   0x00000056   Code   RO         5222    .text               mc_w.l(__dczerorl2.o)
    0x0800029a   0x0800029a   0x00000002   PAD
    0x0800029c   0x0800029c   0x00000080   Code   RO         4891    KERNEL              los_dispatch.o
    0x0800031c   0x0800031c   0x00000004   Code   RO         3255    i.BusFault_Handler  stm32f10x_it.o
    0x08000320   0x08000320   0x00000002   Code   RO         3256    i.DebugMon_Handler  stm32f10x_it.o
    0x08000322   0x08000322   0x00000012   Code   RO         3109    i.Delay             main.o
    0x08000334   0x08000334   0x00000116   Code   RO         1293    i.GPIO_Init         stm32f10x_gpio.o
    0x0800044a   0x0800044a   0x00000012   Code   RO         1297    i.GPIO_ReadInputDataBit  stm32f10x_gpio.o
    0x0800045c   0x0800045c   0x00000004   Code   RO         1301    i.GPIO_SetBits      stm32f10x_gpio.o
    0x08000460   0x08000460   0x00000004   Code   RO         3257    i.HardFault_Handler  stm32f10x_it.o
    0x08000464   0x08000464   0x0000003c   Code   RO         3637    i.KEY_Init          key.o
    0x080004a0   0x080004a0   0x000000c8   Code   RO         3638    i.KEY_Scan          key.o
    0x08000568   0x08000568   0x00000048   Code   RO         3306    i.LED_GPIO_Config   bsp_led.o
    0x080005b0   0x080005b0   0x0000001c   Code   RO         4719    i.LOS_Align         los_misc.o
    0x080005cc   0x080005cc   0x0000001e   Code   RO         4687    i.LOS_DLnkInitMultiHead  los_multipledlinkhead.o
    0x080005ea   0x080005ea   0x0000002a   Code   RO         4688    i.LOS_DLnkMultiHead  los_multipledlinkhead.o
    0x08000614   0x08000614   0x0000000e   Code   RO         3954    i.LOS_ListAdd       los_task.o
    0x08000622   0x08000622   0x0000000e   Code   RO         4251    i.LOS_ListAdd       los_mux.o
    0x08000630   0x08000630   0x0000000e   Code   RO         4325    i.LOS_ListAdd       los_queue.o
    0x0800063e   0x0800063e   0x0000000e   Code   RO         4430    i.LOS_ListAdd       los_sem.o
    0x0800064c   0x0800064c   0x0000000e   Code   RO         4533    i.LOS_ListAdd       los_memory.o
    0x0800065a   0x0800065a   0x00000014   Code   RO         3955    i.LOS_ListDelete    los_task.o
    0x0800066e   0x0800066e   0x00000014   Code   RO         4431    i.LOS_ListDelete    los_sem.o
    0x08000682   0x08000682   0x00000014   Code   RO         4534    i.LOS_ListDelete    los_memory.o
    0x08000696   0x08000696   0x00000010   Code   RO         3956    i.LOS_ListEmpty     los_task.o
    0x080006a6   0x080006a6   0x00000010   Code   RO         4326    i.LOS_ListEmpty     los_queue.o
    0x080006b6   0x080006b6   0x00000010   Code   RO         4432    i.LOS_ListEmpty     los_sem.o
    0x080006c6   0x080006c6   0x00000006   Code   RO         3957    i.LOS_ListInit      los_task.o
    0x080006cc   0x080006cc   0x00000006   Code   RO         4254    i.LOS_ListInit      los_mux.o
    0x080006d2   0x080006d2   0x00000006   Code   RO         4327    i.LOS_ListInit      los_queue.o
    0x080006d8   0x080006d8   0x00000006   Code   RO         4433    i.LOS_ListInit      los_sem.o
    0x080006de   0x080006de   0x00000010   Code   RO         3958    i.LOS_ListTailInsert  los_task.o
    0x080006ee   0x080006ee   0x00000010   Code   RO         4255    i.LOS_ListTailInsert  los_mux.o
    0x080006fe   0x080006fe   0x00000010   Code   RO         4434    i.LOS_ListTailInsert  los_sem.o
    0x0800070e   0x0800070e   0x00000002   PAD
    0x08000710   0x08000710   0x00000144   Code   RO         4689    i.LOS_Log2          los_multipledlinkhead.o
    0x08000854   0x08000854   0x0000003a   Code   RO         4535    i.LOS_MemAlloc      los_memory.o
    0x0800088e   0x0800088e   0x0000006c   Code   RO         4536    i.LOS_MemAllocAlign  los_memory.o
    0x080008fa   0x080008fa   0x00000054   Code   RO         4537    i.LOS_MemFree       los_memory.o
    0x0800094e   0x0800094e   0x000000a6   Code   RO         4538    i.LOS_MemInit       los_memory.o
    0x080009f4   0x080009f4   0x00000040   Code   RO         4500    i.LOS_MemboxAlloc   los_membox.o
    0x08000a34   0x08000a34   0x000000a4   Code   RO         4502    i.LOS_MemboxFree    los_membox.o
    0x08000ad8   0x08000ad8   0x00000080   Code   RO         4503    i.LOS_MemboxInit    los_membox.o
    0x08000b58   0x08000b58   0x00000018   Code   RO         3656    i.LOS_PriqueueDequeue  los_priqueue.o
    0x08000b70   0x08000b70   0x00000024   Code   RO         3657    i.LOS_PriqueueEnqueue  los_priqueue.o
    0x08000b94   0x08000b94   0x00000028   Code   RO         3658    i.LOS_PriqueueSize  los_priqueue.o
    0x08000bbc   0x08000bbc   0x0000003c   Code   RO         3659    i.LOS_PriqueueTop   los_priqueue.o
    0x08000bf8   0x08000bf8   0x0000007c   Code   RO         4328    i.LOS_QueueCreate   los_queue.o
    0x08000c74   0x08000c74   0x00000130   Code   RO         4330    i.LOS_QueueRead     los_queue.o
    0x08000da4   0x08000da4   0x0000013c   Code   RO         4331    i.LOS_QueueWrite    los_queue.o
    0x08000ee0   0x08000ee0   0x00000040   Code   RO         4790    i.LOS_Schedule      los_hw.o
    0x08000f20   0x08000f20   0x000000b8   Code   RO         4438    i.LOS_SemPost       los_sem.o
    0x08000fd8   0x08000fd8   0x00000016   Code   RO         4737    i.LOS_Start         los_config.o
    0x08000fee   0x08000fee   0x00000002   PAD
    0x08000ff0   0x08000ff0   0x0000009c   Code   RO         3959    i.LOS_TaskCreate    los_task.o
    0x0800108c   0x0800108c   0x00000184   Code   RO         3960    i.LOS_TaskCreateOnly  los_task.o
    0x08001210   0x08001210   0x00000080   Code   RO         3961    i.LOS_TaskDelay     los_task.o
    0x08001290   0x08001290   0x00000020   Code   RO         3963    i.LOS_TaskLock      los_task.o
    0x080012b0   0x080012b0   0x0000003c   Code   RO         3968    i.LOS_TaskUnlock    los_task.o
    0x080012ec   0x080012ec   0x00000084   Code   RO         3969    i.LOS_TaskYield     los_task.o
    0x08001370   0x08001370   0x00000004   Code   RO         3258    i.MemManage_Handler  stm32f10x_it.o
    0x08001374   0x08001374   0x00000002   Code   RO         3259    i.NMI_Handler       stm32f10x_it.o
    0x08001376   0x08001376   0x00000026   Code   RO         3318    i.NVIC_Configuration  bsp_usart.o
    0x0800139c   0x0800139c   0x00000070   Code   RO          138    i.NVIC_Init         misc.o
    0x0800140c   0x0800140c   0x00000014   Code   RO          139    i.NVIC_PriorityGroupConfig  misc.o
    0x08001420   0x08001420   0x00000064   Code   RO         3110    i.QueueRead         main.o
    0x08001484   0x08001484   0x00000068   Code   RO         3111    i.QueueRead_task    main.o
    0x080014ec   0x080014ec   0x0000008c   Code   RO         3112    i.QueueWrite        main.o
    0x08001578   0x08001578   0x00000068   Code   RO         3113    i.QueueWrite_task   main.o
    0x080015e0   0x080015e0   0x00000020   Code   RO         1709    i.RCC_APB1PeriphClockCmd  stm32f10x_rcc.o
    0x08001600   0x08001600   0x00000020   Code   RO         1711    i.RCC_APB2PeriphClockCmd  stm32f10x_rcc.o
    0x08001620   0x08001620   0x000000d4   Code   RO         1719    i.RCC_GetClocksFreq  stm32f10x_rcc.o
    0x080016f4   0x080016f4   0x00000002   Code   RO         3260    i.SVC_Handler       stm32f10x_it.o
    0x080016f6   0x080016f6   0x00000008   Code   RO           25    i.SetSysClock       system_stm32f10x.o
    0x080016fe   0x080016fe   0x00000002   PAD
    0x08001700   0x08001700   0x000000e0   Code   RO           26    i.SetSysClockTo72   system_stm32f10x.o
    0x080017e0   0x080017e0   0x00000028   Code   RO         4151    i.SysTick_Handler   los_tick.o
    0x08001808   0x08001808   0x00000060   Code   RO           28    i.SystemInit        system_stm32f10x.o
    0x08001868   0x08001868   0x00000018   Code   RO         2879    i.USART_Cmd         stm32f10x_usart.o
    0x08001880   0x08001880   0x0000008c   Code   RO         3319    i.USART_Config      bsp_usart.o
    0x0800190c   0x0800190c   0x0000001a   Code   RO         2882    i.USART_GetFlagStatus  stm32f10x_usart.o
    0x08001926   0x08001926   0x0000004a   Code   RO         2885    i.USART_ITConfig    stm32f10x_usart.o
    0x08001970   0x08001970   0x000000d8   Code   RO         2886    i.USART_Init        stm32f10x_usart.o
    0x08001a48   0x08001a48   0x00000008   Code   RO         2896    i.USART_SendData    stm32f10x_usart.o
    0x08001a50   0x08001a50   0x00000004   Code   RO         3261    i.UsageFault_Handler  stm32f10x_it.o
    0x08001a54   0x08001a54   0x00000020   Code   RO         4952    i.__0printf$1       mc_w.l(printf1.o)
    0x08001a74   0x08001a74   0x0000000e   Code   RO         5216    i.__scatterload_copy  mc_w.l(handlers.o)
    0x08001a82   0x08001a82   0x00000002   Code   RO         5217    i.__scatterload_null  mc_w.l(handlers.o)
    0x08001a84   0x08001a84   0x0000000e   Code   RO         5218    i.__scatterload_zeroinit  mc_w.l(handlers.o)
    0x08001a92   0x08001a92   0x00000002   PAD
    0x08001a94   0x08001a94   0x00000154   Code   RO         4959    i._printf_core      mc_w.l(printf1.o)
    0x08001be8   0x08001be8   0x00000020   Code   RO         3372    i.delay_ms          delay.o
    0x08001c08   0x08001c08   0x00000024   Code   RO         3325    i.fputc             bsp_usart.o
    0x08001c2c   0x08001c2c   0x00000010   Code   RO         3115    i.hardware_init     main.o
    0x08001c3c   0x08001c3c   0x0000001a   Code   RO         4738    i.main              los_config.o
    0x08001c56   0x08001c56   0x00000002   PAD
    0x08001c58   0x08001c58   0x0000008c   Code   RO         3116    i.osAppInit         main.o
    0x08001ce4   0x08001ce4   0x00000008   Code   RO         4844    i.osHwiDefaultHandler  los_hwi.o
    0x08001cec   0x08001cec   0x00000004   Code   RO         3970    i.osIdleTask        los_task.o
    0x08001cf0   0x08001cf0   0x0000004c   Code   RO         3971    i.osIdleTaskCreate  los_task.o
    0x08001d3c   0x08001d3c   0x00000050   Code   RO         4846    i.osInterrupt       los_hwi.o
    0x08001d8c   0x08001d8c   0x00000062   Code   RO         4741    i.osMain            los_config.o
    0x08001dee   0x08001dee   0x0000005c   Code   RO         4540    i.osMemAllocWithCheck  los_memory.o
    0x08001e4a   0x08001e4a   0x00000098   Code   RO         4541    i.osMemCheckUsedNode  los_memory.o
    0x08001ee2   0x08001ee2   0x00000050   Code   RO         4542    i.osMemFindSuitableFreeBlock  los_memory.o
    0x08001f32   0x08001f32   0x000000b2   Code   RO         4543    i.osMemFreeNode     los_memory.o
    0x08001fe4   0x08001fe4   0x0000003e   Code   RO         4544    i.osMemIsNodeValid  los_memory.o
    0x08002022   0x08002022   0x00000024   Code   RO         4545    i.osMemMergeNode    los_memory.o
    0x08002046   0x08002046   0x00000002   PAD
    0x08002048   0x08002048   0x00000020   Code   RO         4546    i.osMemSetMagicNumAndTaskid  los_memory.o
    0x08002068   0x08002068   0x0000005c   Code   RO         4547    i.osMemSpitNode     los_memory.o
    0x080020c4   0x080020c4   0x00000024   Code   RO         4548    i.osMemSystemInit   los_memory.o
    0x080020e8   0x080020e8   0x0000005c   Code   RO         4260    i.osMuxInit         los_mux.o
    0x08002144   0x08002144   0x00000048   Code   RO         3661    i.osPriqueueInit    los_priqueue.o
    0x0800218c   0x0800218c   0x00000070   Code   RO         4332    i.osQueueCreate     los_queue.o
    0x080021fc   0x080021fc   0x00000038   Code   RO         4333    i.osQueueInit       los_queue.o
    0x08002234   0x08002234   0x00000084   Code   RO         4336    i.osQueuePend       los_queue.o
    0x080022b8   0x080022b8   0x0000005a   Code   RO         4337    i.osQueueWakeUp     los_queue.o
    0x08002312   0x08002312   0x00000002   PAD
    0x08002314   0x08002314   0x0000001c   Code   RO         4742    i.osRegister        los_config.o
    0x08002330   0x08002330   0x00000008   Code   RO         4791    i.osSchedule        los_hw.o
    0x08002338   0x08002338   0x00000058   Code   RO         4439    i.osSemInit         los_sem.o
    0x08002390   0x08002390   0x000000ac   Code   RO         3754    i.osSwTmrInit       los_swtmr.o
    0x0800243c   0x0800243c   0x00000060   Code   RO         3755    i.osSwTmrStart      los_swtmr.o
    0x0800249c   0x0800249c   0x00000050   Code   RO         3756    i.osSwTmrTask       los_swtmr.o
    0x080024ec   0x080024ec   0x00000048   Code   RO         3757    i.osSwTmrTaskCreate  los_swtmr.o
    0x08002534   0x08002534   0x0000008c   Code   RO         3758    i.osSwTmrTimeoutHandle  los_swtmr.o
    0x080025c0   0x080025c0   0x00000014   Code   RO         3759    i.osSwtmrDelete     los_swtmr.o
    0x080025d4   0x080025d4   0x00000024   Code   RO         3760    i.osSwtmrScan       los_swtmr.o
    0x080025f8   0x080025f8   0x000000c0   Code   RO         3972    i.osTaskAdd2TimerList  los_task.o
    0x080026b8   0x080026b8   0x000000a4   Code   RO         3973    i.osTaskEntry       los_task.o
    0x0800275c   0x0800275c   0x00000006   Code   RO         4792    i.osTaskExit        los_hw.o
    0x08002762   0x08002762   0x00000002   PAD
    0x08002764   0x08002764   0x00000128   Code   RO         3974    i.osTaskInit        los_task.o
    0x0800288c   0x0800288c   0x00000034   Code   RO         4658    i.osTaskMemUsedDec  los_memstat.o
    0x080028c0   0x080028c0   0x0000003c   Code   RO         4659    i.osTaskMemUsedInc  los_memstat.o
    0x080028fc   0x080028fc   0x000000dc   Code   RO         3976    i.osTaskScan        los_task.o
    0x080029d8   0x080029d8   0x000000fc   Code   RO         3977    i.osTaskSelfDelete  los_task.o
    0x08002ad4   0x08002ad4   0x00000058   Code   RO         4821    i.osTickStart       los_hw_tick.o
    0x08002b2c   0x08002b2c   0x00000048   Code   RO         3978    i.osTimerListDelete  los_task.o
    0x08002b74   0x08002b74   0x0000004c   Code   RO         4179    i.osTimesliceCheck  los_timeslice.o
    0x08002bc0   0x08002bc0   0x00000010   Code   RO         4180    i.osTimesliceInit   los_timeslice.o
    0x08002bd0   0x08002bd0   0x00000088   Code   RO         4793    i.osTskStackInit    los_hw.o
    0x08002c58   0x08002c58   0x00000030   Data   RO         5214    Region$$Table       anon$$obj.o


    Execution Region VECTOR (Exec base: 0x20000000, Load base: 0x08002c88, Size: 0x00000400, Max: 0x00000400, ABSOLUTE, COMPRESSED[0x0000001c])

    Exec Addr    Load Addr    Size         Type   Attr      Idx    E Section Name        Object

    0x20000000   COMPRESSED   0x00000400   Data   RW         4849    .vector.bss         los_hwi.o


    Execution Region ARM_LIB_STACKHEAP (Exec base: 0x20000400, Load base: 0x08002ca4, Size: 0x00000200, Max: 0x00000200, ABSOLUTE)

    Exec Addr    Load Addr    Size         Type   Attr      Idx    E Section Name        Object

    0x20000400        -       0x00000200   Zero   RW            1    ARM_LIB_STACKHEAP.bss  anon$$obj.o


    Execution Region RW_IRAM1 (Exec base: 0x20000600, Load base: 0x08002ca4, Size: 0x000089d8, Max: 0x0000fa00, ABSOLUTE)

    Exec Addr    Load Addr    Size         Type   Attr      Idx    E Section Name        Object

    0x20000600   0x08002ca4   0x00000014   Data   RW         1739    .data               stm32f10x_rcc.o
    0x20000614   0x08002cb8   0x00000010   Data   RW         3118    .data               main.o
    0x20000624   0x08002cc8   0x00000001   Data   RW         3639    .data               key.o
    0x20000625   0x08002cc9   0x00000003   PAD
    0x20000628   0x08002ccc   0x00000004   Data   RW         3662    .data               los_priqueue.o
    0x2000062c   0x08002cd0   0x00000010   Data   RW         3763    .data               los_swtmr.o
    0x2000063c   0x08002ce0   0x00000044   Data   RW         3979    .data               los_task.o
    0x20000680   0x08002d24   0x00000010   Data   RW         4152    .data               los_tick.o
    0x20000690   0x08002d34   0x00000008   Data   RW         4181    .data               los_timeslice.o
    0x20000698   0x08002d3c   0x0000000c   Data   RW         4261    .data               los_mux.o
    0x200006a4   0x08002d48   0x00000004   Data   RW         4338    .data               los_queue.o
    0x200006a8   0x08002d4c   0x0000000c   Data   RW         4440    .data               los_sem.o
    0x200006b4   0x08002d58   0x00000008   Data   RW         4743    .data               los_config.o
    0x200006bc   0x08002d60   0x00000004   Data   RW         4822    .data               los_hw_tick.o
    0x200006c0   0x08002d64   0x00000004   Data   RW         4848    .data               los_hwi.o
    0x200006c4   0x08002d68   0x00000004   Data   RW         5196    .data               mc_w.l(stdout.o)
    0x200006c8        -       0x000000d0   Zero   RW         3762    .bss                los_swtmr.o
    0x20000798        -       0x00008000   Zero   RW         4549    .bss                los_memory.o
    0x20008798        -       0x00000040   Zero   RW         4660    .bss                los_memstat.o
    0x200087d8        -       0x00000400   Zero   RW         4847    .bss                los_hwi.o
    0x20008bd8        -       0x00000400   Zero   RW            2    STACK               startup_stm32f10x_hd.o


==============================================================================

Image component sizes


      Code (inc. data)   RO Data    RW Data    ZI Data      Debug   Object Name

        72          4          0          0          0        494   bsp_led.o
       214         12          0          0          0       1595   bsp_usart.o
         0          0          0          0          0       4508   core_cm3.o
        32          0          0          0          0        463   delay.o
       260         20          0          1          0       1118   key.o
       174         14          0          8          0       3198   los_config.o
       220         32          0          0          0        704   los_dispatch.o
       214         16          0          0          0       2818   los_hw.o
        88         32          0          4          0        790   los_hw_tick.o
        94         10          0       1028       1024       4967   los_hwi.o
       356         10          0          0          0       3856   los_membox.o
      1210         14          0          0      32768      15228   los_memory.o
       112         24          0          0         64       1953   los_memstat.o
        28          0          0          0          0        592   los_misc.o
       396          4          0          0          0       5064   los_multipledlinkhead.o
       128         18          0         12          0       5756   los_mux.o
       232         22          0          4          0       7046   los_priqueue.o
      1170         72          0          4          0      17945   los_queue.o
       344         26          0         12          0       5274   los_sem.o
       616         84          0         16        208      17139   los_swtmr.o
      2244        186          0         68          0      24119   los_task.o
        40          6          0         16          0        831   los_tick.o
        92         16          0          8          0       1237   los_timeslice.o
       622        254          0         16          0      13246   main.o
       132         22          0          0          0       1467   misc.o
        36          8        304          0       1024        852   startup_stm32f10x_hd.o
       300          0          0          0          0       3031   stm32f10x_gpio.o
        22          0          0          0          0       2855   stm32f10x_it.o
       276         32          0         20          0       4330   stm32f10x_rcc.o
       348          6          0          0          0       4721   stm32f10x_usart.o
       328         28          0          0          0     229793   system_stm32f10x.o

    ----------------------------------------------------------------------
     10416        972        352       1220      35600     386990   Object Totals
         0          0         48          0        512          0   (incl. Generated)
        16          0          0          3          0          0   (incl. Padding)

    ----------------------------------------------------------------------

      Code (inc. data)   RO Data    RW Data    ZI Data      Debug   Library Member Name

        86          0          0          0          0          0   __dczerorl2.o
         0          0          0          0          0          0   entry.o
         0          0          0          0          0          0   entry10a.o
         0          0          0          0          0          0   entry11a.o
         4          0          0          0          0          0   entry12b.o
         8          4          0          0          0          0   entry3.o
         4          0          0          0          0          0   entry5.o
         0          0          0          0          0          0   entry7b.o
         0          0          0          0          0          0   entry8b.o
         8          4          0          0          0          0   entry9a.o
        30          0          0          0          0          0   handlers.o
        36          8          0          0          0         68   init.o
        36          0          0          0          0        108   memseta.o
       372         14          0          0          0        184   printf1.o
         0          0          0          4          0          0   stdout.o
        44          0          0          0          0         80   uidiv.o

    ----------------------------------------------------------------------
       632         30          0          4          0        440   Library Totals
         4          0          0          0          0          0   (incl. Padding)

    ----------------------------------------------------------------------

      Code (inc. data)   RO Data    RW Data    ZI Data      Debug   Library Name

       628         30          0          4          0        440   mc_w.l

    ----------------------------------------------------------------------
       632         30          0          4          0        440   Library Totals

    ----------------------------------------------------------------------

==============================================================================


      Code (inc. data)   RO Data    RW Data    ZI Data      Debug   

     11048       1002        352       1224      35600     381110   Grand Totals
     11048       1002        352        228      35600     381110   ELF Image Totals (compressed)
     11048       1002        352        228          0          0   ROM Totals

==============================================================================

    Total RO  Size (Code + RO Data)                11400 (  11.13kB)
    Total RW  Size (RW Data + ZI Data)             36824 (  35.96kB)
    Total ROM Size (Code + RO Data + RW Data)      11628 (  11.36kB)

==============================================================================

